0.000000e+00 5.000000e-01 3.500000e+00 0.000000e+00 0.000000e+00 0.000000e+00 0.000000e+00 -7.853982e-01 0.000000e+00 0.000000e+00
5.000000e-03 5.000000e-01 3.499938e+00 0.000000e+00 -2.500000e-02 0.000000e+00 -1.413717e+00 -7.853982e-01 0.000000e+00 0.000000e+00
1.000000e-02 5.000062e-01 3.499778e+00 2.462645e-03 -3.863937e-02 1.392593e-01 -7.712882e-01 -7.853990e-01 -3.190469e-04 -5.074222e-04
1.500000e-02 5.000312e-01 3.499562e+00 7.555979e-03 -4.806979e-02 2.880213e-01 -5.332776e-01 -7.854026e-01 -1.152616e-03 -1.325735e-03
2.000000e-02 5.000827e-01 3.499296e+00 1.305245e-02 -5.835031e-02 3.108180e-01 -5.813500e-01 -7.854112e-01 -2.270959e-03 -1.778647e-03
2.500000e-02 5.001583e-01 3.498973e+00 1.716289e-02 -7.076586e-02 2.324398e-01 -7.020827e-01 -7.854252e-01 -3.332893e-03 -1.688933e-03
3.000000e-02 5.002508e-01 3.498585e+00 1.983316e-02 -8.447290e-02 1.510004e-01 -7.751149e-01 -7.854437e-01 -4.082007e-03 -1.191414e-03
3.500000e-02 5.003553e-01 3.498128e+00 2.198745e-02 -9.826049e-02 1.218224e-01 -7.796697e-01 -7.854655e-01 -4.622919e-03 -8.602837e-04
4.000000e-02 5.004713e-01 3.497604e+00 2.439944e-02 -1.114538e-01 1.363944e-01 -7.460621e-01 -7.854895e-01 -4.954533e-03 -5.274090e-04
4.500000e-02 5.006004e-01 3.497015e+00 2.724403e-02 -1.240159e-01 1.608579e-01 -7.103729e-01 -7.855154e-01 -5.407623e-03 -7.206089e-04
5.000000e-02 5.007442e-01 3.496364e+00 3.030155e-02 -1.362323e-01 1.728985e-01 -6.908185e-01 -7.855434e-01 -5.794091e-03 -6.146503e-04
5.500000e-02 5.009033e-01 3.495653e+00 3.331138e-02 -1.483734e-01 1.702021e-01 -6.865660e-01 -7.855734e-01 -6.206889e-03 -6.565275e-04
6.000000e-02 5.010769e-01 3.494881e+00 3.614776e-02 -1.605232e-01 1.603933e-01 -6.870549e-01 -7.856042e-01 -6.138989e-03 1.079908e-04
6.500000e-02 5.012644e-01 3.494048e+00 3.885629e-02 -1.726766e-01 1.531637e-01 -6.872549e-01 -7.856352e-01 -6.238933e-03 -1.589540e-04
7.000000e-02 5.014654e-01 3.493154e+00 4.151931e-02 -1.847672e-01 1.505907e-01 -6.837124e-01 -7.856663e-01 -6.205860e-03 5.260067e-05
7.500000e-02 5.016796e-01 3.492200e+00 4.417789e-02 -1.967189e-01 1.503388e-01 -6.758492e-01 -7.856963e-01 -5.793842e-03 6.552861e-04
8.000000e-02 5.019072e-01 3.491187e+00 4.684890e-02 -2.085442e-01 1.510425e-01 -6.687084e-01 -7.857237e-01 -5.166500e-03 9.977434e-04
8.500000e-02 5.021481e-01 3.490115e+00 4.950823e-02 -2.202515e-01 1.503811e-01 -6.620281e-01 -7.857477e-01 -4.428432e-03 1.173848e-03
9.000000e-02 5.024022e-01 3.488985e+00 5.215469e-02 -2.319113e-01 1.496538e-01 -6.593460e-01 -7.857678e-01 -3.628169e-03 1.272763e-03
9.500000e-02 5.026695e-01 3.487796e+00 5.476763e-02 -2.434966e-01 1.477582e-01 -6.551365e-01 -7.857830e-01 -2.465182e-03 1.849651e-03
1.000000e-01 5.029498e-01 3.486550e+00 5.735233e-02 -2.550234e-01 1.461614e-01 -6.518221e-01 -7.857919e-01 -1.070460e-03 2.218209e-03
1.050000e-01 5.032430e-01 3.485246e+00 5.991643e-02 -2.664931e-01 1.449968e-01 -6.485995e-01 -7.857934e-01 4.541760e-04 2.424829e-03
1.100000e-01 5.035489e-01 3.483885e+00 6.244537e-02 -2.778426e-01 1.430078e-01 -6.417970e-01 -7.857866e-01 2.270561e-03 2.888835e-03
1.150000e-01 5.038674e-01 3.482468e+00 6.495929e-02 -2.891313e-01 1.421590e-01 -6.383619e-01 -7.857705e-01 4.160012e-03 3.005043e-03
1.200000e-01 5.041984e-01 3.480994e+00 6.744489e-02 -3.003252e-01 1.405575e-01 -6.329999e-01 -7.857441e-01 6.428894e-03 3.608500e-03
1.250000e-01 5.045418e-01 3.479465e+00 6.989275e-02 -3.114061e-01 1.384230e-01 -6.266099e-01 -7.857067e-01 8.537176e-03 3.353078e-03
1.300000e-01 5.048974e-01 3.477880e+00 7.233577e-02 -3.224168e-01 1.381494e-01 -6.226417e-01 -7.856581e-01 1.087232e-02 3.713889e-03
1.350000e-01 5.052651e-01 3.476241e+00 7.476054e-02 -3.333495e-01 1.371179e-01 -6.182284e-01 -7.855972e-01 1.351793e-02 4.207655e-03
1.400000e-01 5.056449e-01 3.474547e+00 7.716861e-02 -3.442138e-01 1.361727e-01 -6.143613e-01 -7.855221e-01 1.650075e-02 4.743970e-03
1.450000e-01 5.060368e-01 3.472799e+00 7.957195e-02 -3.550245e-01 1.359056e-01 -6.113287e-01 -7.854306e-01 2.008363e-02 5.698322e-03
1.500000e-01 5.064406e-01 3.470997e+00 8.196884e-02 -3.657545e-01 1.355411e-01 -6.067688e-01 -7.853205e-01 2.395947e-02 6.164263e-03
1.550000e-01 5.068565e-01 3.469141e+00 8.436452e-02 -3.764246e-01 1.354726e-01 -6.033787e-01 -7.851901e-01 2.823363e-02 6.797753e-03
1.600000e-01 5.072842e-01 3.467233e+00 8.674452e-02 -3.869983e-01 1.345857e-01 -5.979328e-01 -7.850373e-01 3.288151e-02 7.392132e-03
1.650000e-01 5.077239e-01 3.465272e+00 8.911170e-02 -3.975162e-01 1.338611e-01 -5.947707e-01 -7.848606e-01 3.777113e-02 7.776608e-03
1.700000e-01 5.081753e-01 3.463258e+00 9.146508e-02 -4.079925e-01 1.330803e-01 -5.924206e-01 -7.846587e-01 4.301243e-02 8.335929e-03
1.750000e-01 5.086384e-01 3.461192e+00 9.379124e-02 -4.183522e-01 1.315415e-01 -5.858273e-01 -7.844294e-01 4.870099e-02 9.047269e-03
1.800000e-01 5.091132e-01 3.459074e+00 9.610973e-02 -4.286494e-01 1.311073e-01 -5.822940e-01 -7.841714e-01 5.451106e-02 9.240505e-03
1.850000e-01 5.095996e-01 3.456906e+00 9.843319e-02 -4.389212e-01 1.313888e-01 -5.808560e-01 -7.838832e-01 6.075960e-02 9.937875e-03
1.900000e-01 5.100975e-01 3.454685e+00 1.007318e-01 -4.491325e-01 1.299806e-01 -5.774380e-01 -7.835624e-01 6.754460e-02 1.079108e-02
1.950000e-01 5.106068e-01 3.452414e+00 1.030101e-01 -4.592647e-01 1.288355e-01 -5.729606e-01 -7.832067e-01 7.474925e-02 1.145851e-02
2.000000e-01 5.111276e-01 3.450093e+00 1.052898e-01 -4.693568e-01 1.289165e-01 -5.706969e-01 -7.828140e-01 8.232417e-02 1.204738e-02
2.050000e-01 5.116597e-01 3.447721e+00 1.075737e-01 -4.794017e-01 1.291535e-01 -5.680222e-01 -7.823833e-01 8.994288e-02 1.211704e-02
2.100000e-01 5.122033e-01 3.445299e+00 1.098435e-01 -4.893837e-01 1.283514e-01 -5.644684e-01 -7.819137e-01 9.791930e-02 1.268595e-02
2.150000e-01 5.127582e-01 3.442827e+00 1.121111e-01 -4.993490e-01 1.282282e-01 -5.635264e-01 -7.814030e-01 1.063565e-01 1.341880e-02
2.200000e-01 5.133243e-01 3.440306e+00 1.143344e-01 -5.092160e-01 1.257277e-01 -5.579630e-01 -7.808501e-01 1.148152e-01 1.345296e-02
2.250000e-01 5.139015e-01 3.437735e+00 1.165429e-01 -5.190145e-01 1.248856e-01 -5.540959e-01 -7.802541e-01 1.235699e-01 1.392372e-02
2.300000e-01 5.144897e-01 3.435116e+00 1.187569e-01 -5.288145e-01 1.251988e-01 -5.541742e-01 -7.796136e-01 1.326184e-01 1.439112e-02
2.350000e-01 5.150890e-01 3.432447e+00 1.209689e-01 -5.386071e-01 1.250839e-01 -5.537619e-01 -7.789266e-01 1.421820e-01 1.521024e-02
2.400000e-01 5.156994e-01 3.429730e+00 1.231891e-01 -5.483690e-01 1.255534e-01 -5.520222e-01 -7.781911e-01 1.520274e-01 1.565831e-02
2.450000e-01 5.163210e-01 3.426963e+00 1.254273e-01 -5.580993e-01 1.265654e-01 -5.502314e-01 -7.774046e-01 1.625740e-01 1.677367e-02
2.500000e-01 5.169537e-01 3.424149e+00 1.276468e-01 -5.677643e-01 1.255128e-01 -5.465465e-01 -7.765649e-01 1.733159e-01 1.708435e-02
2.550000e-01 5.175974e-01 3.421286e+00 1.298495e-01 -5.773668e-01 1.245559e-01 -5.430096e-01 -7.756721e-01 1.837845e-01 1.664961e-02
2.600000e-01 5.182521e-01 3.418375e+00 1.320240e-01 -5.868909e-01 1.229645e-01 -5.385740e-01 -7.747265e-01 1.944638e-01 1.698469e-02
2.650000e-01 5.189176e-01 3.415417e+00 1.341737e-01 -5.963378e-01 1.215640e-01 -5.342055e-01 -7.737275e-01 2.051487e-01 1.699356e-02
2.700000e-01 5.195938e-01 3.412412e+00 1.363259e-01 -6.057524e-01 1.217041e-01 -5.323842e-01 -7.726743e-01 2.161023e-01 1.742098e-02
2.750000e-01 5.202808e-01 3.409360e+00 1.384720e-01 -6.150667e-01 1.213609e-01 -5.267102e-01 -7.715668e-01 2.269157e-01 1.719798e-02
2.800000e-01 5.209787e-01 3.406261e+00 1.406714e-01 -6.243446e-01 1.243743e-01 -5.246527e-01 -7.704045e-01 2.380012e-01 1.763069e-02
2.850000e-01 5.216876e-01 3.403117e+00 1.428955e-01 -6.335438e-01 1.257646e-01 -5.202037e-01 -7.691859e-01 2.494350e-01 1.818460e-02
2.900000e-01 5.224076e-01 3.399926e+00 1.451196e-01 -6.426272e-01 1.257706e-01 -5.136568e-01 -7.679097e-01 2.610347e-01 1.844859e-02
2.950000e-01 5.231388e-01 3.396691e+00 1.473366e-01 -6.515879e-01 1.253731e-01 -5.067122e-01 -7.665746e-01 2.730331e-01 1.908255e-02
3.000000e-01 5.238810e-01 3.393411e+00 1.495408e-01 -6.604171e-01 1.246447e-01 -4.992831e-01 -7.651788e-01 2.852613e-01 1.944811e-02
3.050000e-01 5.246341e-01 3.390087e+00 1.517211e-01 -6.691105e-01 1.232890e-01 -4.916010e-01 -7.637196e-01 2.984264e-01 2.093832e-02
3.100000e-01 5.253982e-01 3.386720e+00 1.539179e-01 -6.776680e-01 1.242283e-01 -4.839155e-01 -7.621923e-01 3.125066e-01 2.239355e-02
3.150000e-01 5.261734e-01 3.383310e+00 1.561711e-01 -6.861443e-01 1.274122e-01 -4.793200e-01 -7.605929e-01 3.272467e-01 2.344312e-02
3.200000e-01 5.269600e-01 3.379859e+00 1.584643e-01 -6.945148e-01 1.296815e-01 -4.733424e-01 -7.589188e-01 3.423947e-01 2.409188e-02
3.250000e-01 5.277581e-01 3.376365e+00 1.607700e-01 -7.028309e-01 1.303828e-01 -4.702623e-01 -7.571692e-01 3.574451e-01 2.393662e-02
3.300000e-01 5.285677e-01 3.372831e+00 1.630449e-01 -7.110503e-01 1.286412e-01 -4.647962e-01 -7.553436e-01 3.727775e-01 2.438505e-02
3.350000e-01 5.293885e-01 3.369255e+00 1.652779e-01 -7.192017e-01 1.262741e-01 -4.609503e-01 -7.534417e-01 3.879854e-01 2.418717e-02
3.400000e-01 5.302204e-01 3.365639e+00 1.674830e-01 -7.272600e-01 1.246961e-01 -4.556879e-01 -7.514629e-01 4.035704e-01 2.478685e-02
3.450000e-01 5.310634e-01 3.361983e+00 1.697175e-01 -7.352744e-01 1.263584e-01 -4.532021e-01 -7.494058e-01 4.192671e-01 2.496447e-02
3.500000e-01 5.319176e-01 3.358286e+00 1.719692e-01 -7.432251e-01 1.273277e-01 -4.496046e-01 -7.472708e-01 4.347349e-01 2.460050e-02
3.550000e-01 5.327832e-01 3.354550e+00 1.742672e-01 -7.512117e-01 1.299507e-01 -4.516328e-01 -7.450565e-01 4.509841e-01 2.584319e-02
3.600000e-01 5.336603e-01 3.350774e+00 1.765700e-01 -7.592040e-01 1.302193e-01 -4.519517e-01 -7.427609e-01 4.672301e-01 2.583829e-02
3.650000e-01 5.345488e-01 3.346958e+00 1.788434e-01 -7.670981e-01 1.285605e-01 -4.464031e-01 -7.403847e-01 4.832783e-01 2.552350e-02
3.700000e-01 5.354486e-01 3.343104e+00 1.810879e-01 -7.748689e-01 1.269245e-01 -4.394281e-01 -7.379299e-01 4.986106e-01 2.438490e-02
3.750000e-01 5.363597e-01 3.339210e+00 1.833421e-01 -7.826053e-01 1.274707e-01 -4.374820e-01 -7.353981e-01 5.141272e-01 2.467815e-02
3.800000e-01 5.372821e-01 3.335278e+00 1.856017e-01 -7.903177e-01 1.277734e-01 -4.361246e-01 -7.327873e-01 5.301717e-01 2.551774e-02
3.850000e-01 5.382158e-01 3.331307e+00 1.878844e-01 -7.979063e-01 1.290861e-01 -4.291254e-01 -7.300937e-01 5.472699e-01 2.719342e-02
3.900000e-01 5.391611e-01 3.327299e+00 1.902279e-01 -8.053410e-01 1.325223e-01 -4.204220e-01 -7.273118e-01 5.655107e-01 2.901075e-02
3.950000e-01 5.401181e-01 3.323254e+00 1.925878e-01 -8.125834e-01 1.334490e-01 -4.095457e-01 -7.244368e-01 5.844996e-01 3.020059e-02
4.000000e-01 5.410869e-01 3.319174e+00 1.949526e-01 -8.196233e-01 1.337289e-01 -3.980976e-01 -7.214642e-01 6.045328e-01 3.186132e-02
4.050000e-01 5.420676e-01 3.315058e+00 1.973145e-01 -8.265275e-01 1.335623e-01 -3.904254e-01 -7.183903e-01 6.250197e-01 3.258316e-02
4.100000e-01 5.430600e-01 3.310909e+00 1.996581e-01 -8.333312e-01 1.325233e-01 -3.847418e-01 -7.152131e-01 6.458506e-01 3.313008e-02
4.150000e-01 5.440642e-01 3.306725e+00 2.020050e-01 -8.400867e-01 1.327173e-01 -3.820125e-01 -7.119317e-01 6.667368e-01 3.321808e-02
4.200000e-01 5.450802e-01 3.302508e+00 2.043877e-01 -8.468541e-01 1.347390e-01 -3.826898e-01 -7.085449e-01 6.879810e-01 3.378740e-02
4.250000e-01 5.461081e-01 3.298256e+00 2.067869e-01 -8.535954e-01 1.356705e-01 -3.812122e-01 -7.050512e-01 7.095075e-01 3.423633e-02
4.300000e-01 5.471480e-01 3.293972e+00 2.091775e-01 -8.603129e-01 1.351865e-01 -3.798606e-01 -7.014519e-01 7.302091e-01 3.292453e-02
4.350000e-01 5.481998e-01 3.289654e+00 2.115220e-01 -8.669309e-01 1.325746e-01 -3.742404e-01 -6.977510e-01 7.501535e-01 3.172021e-02
4.400000e-01 5.492632e-01 3.285303e+00 2.138488e-01 -8.734773e-01 1.315814e-01 -3.701897e-01 -6.939509e-01 7.698723e-01 3.136134e-02
4.450000e-01 5.503383e-01 3.280919e+00 2.162064e-01 -8.799947e-01 1.333181e-01 -3.685508e-01 -6.900517e-01 7.898225e-01 3.172943e-02
4.500000e-01 5.514254e-01 3.276503e+00 2.186002e-01 -8.864667e-01 1.353654e-01 -3.659850e-01 -6.860538e-01 8.093407e-01 3.104245e-02
4.550000e-01 5.525244e-01 3.272055e+00 2.210167e-01 -8.927277e-01 1.366487e-01 -3.540475e-01 -6.819564e-01 8.296265e-01 3.226320e-02
4.600000e-01 5.536356e-01 3.267576e+00 2.234579e-01 -8.986409e-01 1.380466e-01 -3.343868e-01 -6.777560e-01 8.505403e-01 3.326186e-02
4.650000e-01 5.547590e-01 3.263069e+00 2.258937e-01 -9.042097e-01 1.377433e-01 -3.149064e-01 -6.734487e-01 8.723677e-01 3.471498e-02
4.700000e-01 5.558945e-01 3.258535e+00 2.283199e-01 -9.095302e-01 1.371956e-01 -3.008694e-01 -6.690308e-01 8.947903e-01 3.566162e-02
4.750000e-01 5.570423e-01 3.253974e+00 2.307969e-01 -9.147717e-01 1.400696e-01 -2.963980e-01 -6.644987e-01 9.180731e-01 3.702964e-02
4.800000e-01 5.582025e-01 3.249387e+00 2.332974e-01 -9.199808e-01 1.414013e-01 -2.945692e-01 -6.598502e-01 9.412970e-01 3.693604e-02
4.850000e-01 5.593752e-01 3.244774e+00 2.357696e-01 -9.251613e-01 1.398014e-01 -2.929514e-01 -6.550887e-01 9.633341e-01 3.504851e-02
4.900000e-01 5.605600e-01 3.240136e+00 2.381655e-01 -9.302999e-01 1.354868e-01 -2.905768e-01 -6.502191e-01 9.845161e-01 3.368862e-02
4.950000e-01 5.617568e-01 3.235472e+00 2.405271e-01 -9.353372e-01 1.335422e-01 -2.848548e-01 -6.452450e-01 1.005111e+00 3.275481e-02
5.000000e-01 5.629654e-01 3.230782e+00 2.429389e-01 -9.403145e-01 1.363864e-01 -2.814596e-01 -6.401689e-01 1.025330e+00 3.215675e-02
5.050000e-01 5.641862e-01 3.226068e+00 2.453607e-01 -9.453214e-01 1.369492e-01 -2.831349e-01 -6.349921e-01 1.045395e+00 3.191128e-02
5.100000e-01 5.654190e-01 3.221329e+00 2.477692e-01 -9.502736e-01 1.361985e-01 -2.800422e-01 -6.297152e-01 1.065388e+00 3.179886e-02
5.150000e-01 5.666638e-01 3.216567e+00 2.501474e-01 -9.548758e-01 1.344816e-01 -2.602482e-01 -6.243359e-01 1.086331e+00 3.330767e-02
5.200000e-01 5.679205e-01 3.211782e+00 2.525169e-01 -9.590727e-01 1.339946e-01 -2.373290e-01 -6.188488e-01 1.108514e+00 3.528096e-02
5.250000e-01 5.691891e-01 3.206976e+00 2.549452e-01 -9.630456e-01 1.373128e-01 -2.246574e-01 -6.132453e-01 1.132864e+00 3.872729e-02
5.300000e-01 5.704700e-01 3.202152e+00 2.573915e-01 -9.668820e-01 1.383348e-01 -2.169451e-01 -6.075195e-01 1.157489e+00 3.916326e-02
5.350000e-01 5.717630e-01 3.197308e+00 2.598340e-01 -9.706768e-01 1.381203e-01 -2.145895e-01 -6.016726e-01 1.181271e+00 3.782365e-02
5.400000e-01 5.730680e-01 3.192445e+00 2.621712e-01 -9.744795e-01 1.321662e-01 -2.150368e-01 -5.957093e-01 1.204037e+00 3.620889e-02
5.450000e-01 5.743845e-01 3.187563e+00 2.644314e-01 -9.782504e-01 1.278141e-01 -2.132397e-01 -5.896352e-01 1.225637e+00 3.435256e-02
5.500000e-01 5.757125e-01 3.182662e+00 2.667656e-01 -9.820388e-01 1.319966e-01 -2.142336e-01 -5.834534e-01 1.247067e+00 3.408357e-02
5.550000e-01 5.770521e-01 3.177742e+00 2.690765e-01 -9.858714e-01 1.306786e-01 -2.167238e-01 -5.771666e-01 1.267678e+00 3.278061e-02
5.600000e-01 5.784032e-01 3.172804e+00 2.713418e-01 -9.896671e-01 1.280998e-01 -2.146465e-01 -5.707780e-01 1.287754e+00 3.192869e-02
5.650000e-01 5.797655e-01 3.167847e+00 2.735674e-01 -9.930960e-01 1.258497e-01 -1.938983e-01 -5.642857e-01 1.309171e+00 3.406264e-02
5.700000e-01 5.811388e-01 3.162874e+00 2.757863e-01 -9.961171e-01 1.254757e-01 -1.708371e-01 -5.576812e-01 1.332653e+00 3.734618e-02
5.750000e-01 5.825236e-01 3.157886e+00 2.781063e-01 -9.989303e-01 1.311980e-01 -1.590850e-01 -5.509546e-01 1.357995e+00 4.030453e-02
5.800000e-01 5.839198e-01 3.152885e+00 2.803915e-01 -1.001666e+00 1.292207e-01 -1.546956e-01 -5.441015e-01 1.383265e+00 4.019015e-02
5.850000e-01 5.853272e-01 3.147870e+00 2.825746e-01 -1.004351e+00 1.234516e-01 -1.518366e-01 -5.371246e-01 1.407516e+00 3.857013e-02
5.900000e-01 5.867452e-01 3.142841e+00 2.846187e-01 -1.007060e+00 1.155918e-01 -1.532114e-01 -5.300287e-01 1.430838e+00 3.709250e-02
5.950000e-01 5.881735e-01 3.137799e+00 2.866904e-01 -1.009878e+00 1.171547e-01 -1.593121e-01 -5.228171e-01 1.453802e+00 3.652175e-02
6.000000e-01 5.896122e-01 3.132742e+00 2.888083e-01 -1.012770e+00 1.197601e-01 -1.635404e-01 -5.154940e-01 1.475457e+00 3.444063e-02
6.050000e-01 5.910613e-01 3.127671e+00 2.908365e-01 -1.015607e+00 1.146963e-01 -1.604628e-01 -5.080658e-01 1.495835e+00 3.241075e-02
6.100000e-01 5.925203e-01 3.122587e+00 2.927283e-01 -1.018143e+00 1.069765e-01 -1.433843e-01 -5.005339e-01 1.516950e+00 3.358072e-02
6.150000e-01 5.939886e-01 3.117491e+00 2.946093e-01 -1.020286e+00 1.063709e-01 -1.211779e-01 -4.928911e-01 1.540187e+00 3.695773e-02
6.200000e-01 5.954667e-01 3.112385e+00 2.966213e-01 -1.022087e+00 1.137712e-01 -1.018318e-01 -4.851294e-01 1.564519e+00 3.869738e-02
6.250000e-01 5.969547e-01 3.107270e+00 2.986036e-01 -1.023695e+00 1.121015e-01 -9.094770e-02 -4.772458e-01 1.588936e+00 3.883464e-02
6.300000e-01 5.984523e-01 3.102148e+00 3.004140e-01 -1.025166e+00 1.023754e-01 -8.321431e-02 -4.692449e-01 1.611447e+00 3.580127e-02
6.350000e-01 5.999587e-01 3.097019e+00 3.021515e-01 -1.026646e+00 9.825049e-02 -8.369772e-02 -4.611349e-01 1.632556e+00 3.357308e-02
6.400000e-01 6.014736e-01 3.091881e+00 3.038272e-01 -1.028255e+00 9.475686e-02 -9.093400e-02 -4.529226e-01 1.652393e+00 3.154861e-02
6.450000e-01 6.029969e-01 3.086736e+00 3.054907e-01 -1.029980e+00 9.407345e-02 -9.758261e-02 -4.446147e-01 1.670768e+00 2.922486e-02
6.500000e-01 6.045284e-01 3.081582e+00 3.071113e-01 -1.031587e+00 9.164066e-02 -9.086502e-02 -4.362199e-01 1.687162e+00 2.607383e-02
6.550000e-01 6.060678e-01 3.076421e+00 3.086387e-01 -1.032856e+00 8.637237e-02 -7.176482e-02 -4.277373e-01 1.705900e+00 2.980137e-02
6.600000e-01 6.076147e-01 3.071254e+00 3.101013e-01 -1.033796e+00 8.270589e-02 -5.313645e-02 -4.191570e-01 1.726244e+00 3.235618e-02
6.650000e-01 6.091688e-01 3.066083e+00 3.115614e-01 -1.034498e+00 8.257029e-02 -3.971898e-02 -4.104741e-01 1.746936e+00 3.290846e-02
6.700000e-01 6.107301e-01 3.060910e+00 3.129322e-01 -1.035013e+00 7.751501e-02 -2.908445e-02 -4.016870e-01 1.767923e+00 3.337828e-02
6.750000e-01 6.122981e-01 3.055733e+00 3.142865e-01 -1.035541e+00 7.658464e-02 -2.989707e-02 -3.927970e-01 1.788116e+00 3.211611e-02
6.800000e-01 6.138727e-01 3.050554e+00 3.155311e-01 -1.036230e+00 7.038005e-02 -3.896601e-02 -3.838102e-01 1.806613e+00 2.941750e-02
6.850000e-01 6.154531e-01 3.045371e+00 3.166495e-01 -1.037048e+00 6.324590e-02 -4.625655e-02 -3.747361e-01 1.823062e+00 2.616181e-02
6.900000e-01 6.170388e-01 3.040183e+00 3.176171e-01 -1.037897e+00 5.471577e-02 -4.799057e-02 -3.655848e-01 1.837502e+00 2.296553e-02
6.950000e-01 6.186294e-01 3.034992e+00 3.186274e-01 -1.038700e+00 5.713149e-02 -4.540833e-02 -3.563588e-01 1.852918e+00 2.451783e-02
7.000000e-01 6.202252e-01 3.029797e+00 3.196987e-01 -1.039242e+00 6.057797e-02 -3.067153e-02 -3.470515e-01 1.870023e+00 2.720470e-02
7.050000e-01 6.218259e-01 3.024600e+00 3.205902e-01 -1.039429e+00 5.041270e-02 -1.055717e-02 -3.376546e-01 1.888754e+00 2.978960e-02
7.100000e-01 6.234307e-01 3.019403e+00 3.213187e-01 -1.039374e+00 4.119852e-02 3.135193e-03 -3.281653e-01 1.906989e+00 2.900252e-02
7.150000e-01 6.250392e-01 3.014206e+00 3.220716e-01 -1.039399e+00 4.257253e-02 -1.451458e-03 -3.185825e-01 1.926189e+00 3.053516e-02
7.200000e-01 6.266513e-01 3.009009e+00 3.227664e-01 -1.039618e+00 3.928981e-02 -1.236415e-02 -3.089054e-01 1.944688e+00 2.942277e-02
7.250000e-01 6.282665e-01 3.003810e+00 3.233151e-01 -1.039932e+00 3.102857e-02 -1.775213e-02 -2.991415e-01 1.960867e+00 2.573054e-02
7.300000e-01 6.298842e-01 2.998609e+00 3.237948e-01 -1.040377e+00 2.712899e-02 -2.517999e-02 -2.893020e-01 1.974984e+00 2.245282e-02
7.350000e-01 6.315040e-01 2.993406e+00 3.241063e-01 -1.040925e+00 1.761368e-02 -3.099935e-02 -2.793952e-01 1.987748e+00 2.029971e-02
7.400000e-01 6.331253e-01 2.988200e+00 3.244168e-01 -1.041317e+00 1.755874e-02 -2.214502e-02 -2.694241e-01 2.000728e+00 2.064454e-02
7.450000e-01 6.347480e-01 2.982994e+00 3.246748e-01 -1.041295e+00 1.459184e-02 1.245045e-03 -2.593884e-01 2.013604e+00 2.047854e-02
7.500000e-01 6.363720e-01 2.977788e+00 3.249272e-01 -1.040937e+00 1.426980e-02 2.023783e-02 -2.492832e-01 2.028496e+00 2.368384e-02
7.550000e-01 6.379969e-01 2.972585e+00 3.250130e-01 -1.040441e+00 4.851663e-03 2.802625e-02 -2.391036e-01 2.043386e+00 2.368246e-02
7.600000e-01 6.396218e-01 2.967384e+00 3.249465e-01 -1.039966e+00 -3.758477e-03 2.690314e-02 -2.288548e-01 2.056162e+00 2.031869e-02
7.650000e-01 6.412461e-01 2.962185e+00 3.247983e-01 -1.039590e+00 -8.382722e-03 2.126141e-02 -2.185444e-01 2.068043e+00 1.889560e-02
7.700000e-01 6.428697e-01 2.956987e+00 3.246062e-01 -1.039378e+00 -1.086332e-02 1.196995e-02 -2.081778e-01 2.078653e+00 1.687423e-02
7.750000e-01 6.444923e-01 2.951790e+00 3.244391e-01 -1.039355e+00 -9.448254e-03 1.273198e-03 -1.977647e-01 2.086620e+00 1.267141e-02
7.800000e-01 6.461135e-01 2.946594e+00 3.240445e-01 -1.039358e+00 -2.231261e-02 -1.398528e-04 -1.873197e-01 2.091415e+00 7.626376e-03
7.850000e-01 6.477326e-01 2.941397e+00 3.235919e-01 -1.039373e+00 -2.559623e-02 -8.292122e-04 -1.768460e-01 2.098083e+00 1.060419e-02
7.900000e-01 6.493493e-01 2.936200e+00 3.230995e-01 -1.039269e+00 -2.784524e-02 5.831354e-03 -1.663368e-01 2.105666e+00 1.206120e-02
7.950000e-01 6.509637e-01 2.931005e+00 3.226759e-01 -1.038960e+00 -2.395031e-02 1.748283e-02 -1.557879e-01 2.113927e+00 1.313856e-02
8.000000e-01 6.525757e-01 2.925811e+00 3.220978e-01 -1.038499e+00 -3.269288e-02 2.606805e-02 -1.451934e-01 2.123894e+00 1.585202e-02
8.050000e-01 6.541840e-01 2.920620e+00 3.212416e-01 -1.038095e+00 -4.841829e-02 2.285495e-02 -1.345503e-01 2.133373e+00 1.507549e-02
8.100000e-01 6.557881e-01 2.915430e+00 3.204086e-01 -1.037906e+00 -4.710181e-02 1.069334e-02 -1.238630e-01 2.141604e+00 1.309037e-02
8.150000e-01 6.573881e-01 2.910240e+00 3.195794e-01 -1.037842e+00 -4.689461e-02 3.605788e-03 -1.131366e-01 2.149004e+00 1.176943e-02
8.200000e-01 6.589839e-01 2.905051e+00 3.187529e-01 -1.037956e+00 -4.673627e-02 -6.449863e-03 -1.023732e-01 2.156386e+00 1.174022e-02
8.250000e-01 6.605750e-01 2.899860e+00 3.176813e-01 -1.038189e+00 -6.059695e-02 -1.315396e-02 -9.158406e-02 2.159316e+00 4.660785e-03
8.300000e-01 6.621605e-01 2.894669e+00 3.165091e-01 -1.038445e+00 -6.628422e-02 -1.449221e-02 -8.078772e-02 2.159264e+00 -8.364289e-05
8.350000e-01 6.637404e-01 2.889476e+00 3.154553e-01 -1.038689e+00 -5.959233e-02 -1.377576e-02 -6.998877e-02 2.160359e+00 1.741903e-03
8.400000e-01 6.653150e-01 2.884282e+00 3.143739e-01 -1.038816e+00 -6.115281e-02 -7.191077e-03 -5.918351e-02 2.161785e+00 2.268189e-03
8.450000e-01 6.668837e-01 2.879088e+00 3.131253e-01 -1.038813e+00 -7.060844e-02 1.856084e-04 -4.837646e-02 2.161077e+00 -1.126292e-03
8.500000e-01 6.684459e-01 2.873894e+00 3.117199e-01 -1.038663e+00 -7.946871e-02 8.465290e-03 -3.756943e-02 2.161776e+00 1.111688e-03
8.550000e-01 6.700010e-01 2.868701e+00 3.103538e-01 -1.038547e+00 -7.725480e-02 6.552954e-03 -2.675344e-02 2.164665e+00 4.594017e-03
8.600000e-01 6.715495e-01 2.863509e+00 3.090324e-01 -1.038555e+00 -7.472066e-02 -4.635613e-04 -1.592406e-02 2.167130e+00 3.920440e-03
8.650000e-01 6.730910e-01 2.858316e+00 3.075532e-01 -1.038661e+00 -8.364887e-02 -6.002788e-03 -5.093062e-03 2.165310e+00 -2.893579e-03
8.700000e-01 6.746247e-01 2.853121e+00 3.059316e-01 -1.038978e+00 -9.170079e-02 -1.791956e-02 5.731085e-03 2.164391e+00 -1.461804e-03
8.750000e-01 6.761503e-01 2.847925e+00 3.042960e-01 -1.039520e+00 -9.248738e-02 -3.062387e-02 1.655231e-02 2.164142e+00 -3.954781e-04
8.800000e-01 6.776679e-01 2.842726e+00 3.027775e-01 -1.040233e+00 -8.586976e-02 -4.031987e-02 2.736619e-02 2.161452e+00 -4.278380e-03
8.850000e-01 6.791779e-01 2.837523e+00 3.011916e-01 -1.041022e+00 -8.968185e-02 -4.460953e-02 3.815781e-02 2.155238e+00 -9.884209e-03
8.900000e-01 6.806796e-01 2.832315e+00 2.995051e-01 -1.042037e+00 -9.537108e-02 -5.741302e-02 4.892188e-02 2.150429e+00 -7.648101e-03
8.950000e-01 6.821728e-01 2.827102e+00 2.977745e-01 -1.043139e+00 -9.785927e-02 -6.230459e-02 5.966146e-02 2.145447e+00 -7.923615e-03
9.000000e-01 6.836576e-01 2.821884e+00 2.961547e-01 -1.044130e+00 -9.159685e-02 -5.603660e-02 7.036699e-02 2.136807e+00 -1.374107e-02
9.050000e-01 6.851342e-01 2.816661e+00 2.944593e-01 -1.045023e+00 -9.587582e-02 -5.050896e-02 8.102717e-02 2.127304e+00 -1.511343e-02
9.100000e-01 6.866020e-01 2.811434e+00 2.926592e-01 -1.045885e+00 -1.017921e-01 -4.872192e-02 9.164641e-02 2.120433e+00 -1.092747e-02
9.150000e-01 6.880608e-01 2.806202e+00 2.908882e-01 -1.046755e+00 -1.001454e-01 -4.921394e-02 1.022341e-01 2.114681e+00 -9.148267e-03
9.200000e-01 6.895108e-01 2.800966e+00 2.890924e-01 -1.047626e+00 -1.015528e-01 -4.923636e-02 1.127871e-01 2.106561e+00 -1.291485e-02
9.250000e-01 6.909516e-01 2.795726e+00 2.872195e-01 -1.048606e+00 -1.059117e-01 -5.545418e-02 1.232967e-01 2.097308e+00 -1.471549e-02
9.300000e-01 6.923833e-01 2.790480e+00 2.854768e-01 -1.049745e+00 -9.854365e-02 -6.438645e-02 1.337671e-01 2.090914e+00 -1.016939e-02
9.350000e-01 6.938062e-01 2.785228e+00 2.837000e-01 -1.051001e+00 -1.004788e-01 -7.105604e-02 1.442016e-01 2.082910e+00 -1.272989e-02
9.400000e-01 6.952197e-01 2.779969e+00 2.816929e-01 -1.052426e+00 -1.134985e-01 -8.055295e-02 1.545920e-01 2.073267e+00 -1.533618e-02
9.450000e-01 6.966235e-01 2.774703e+00 2.798322e-01 -1.054033e+00 -1.052192e-01 -9.089630e-02 1.649318e-01 2.062693e+00 -1.681798e-02
9.500000e-01 6.980189e-01 2.769429e+00 2.783230e-01 -1.055741e+00 -8.534020e-02 -9.654945e-02 1.752236e-01 2.054092e+00 -1.367924e-02
9.550000e-01 6.994060e-01 2.764146e+00 2.764952e-01 -1.057495e+00 -1.033629e-01 -9.920448e-02 1.854592e-01 2.040148e+00 -2.217670e-02
9.600000e-01 7.007830e-01 2.758854e+00 2.743243e-01 -1.059316e+00 -1.227625e-01 -1.029640e-01 1.956248e-01 2.026145e+00 -2.227109e-02
9.650000e-01 7.021504e-01 2.753552e+00 2.726224e-01 -1.061222e+00 -9.623971e-02 -1.078161e-01 2.057209e-01 2.012347e+00 -2.194442e-02
9.700000e-01 7.035096e-01 2.748241e+00 2.710479e-01 -1.063172e+00 -8.903420e-02 -1.102275e-01 2.157388e-01 1.994816e+00 -2.788214e-02
9.750000e-01 7.048601e-01 2.742920e+00 2.691544e-01 -1.065300e+00 -1.070778e-01 -1.203395e-01 2.256666e-01 1.976335e+00 -2.939262e-02
9.800000e-01 7.062014e-01 2.737588e+00 2.673649e-01 -1.067636e+00 -1.011941e-01 -1.321272e-01 2.355089e-01 1.960625e+00 -2.498627e-02
9.850000e-01 7.075341e-01 2.732243e+00 2.657380e-01 -1.070078e+00 -9.199794e-02 -1.380791e-01 2.452698e-01 1.943773e+00 -2.680176e-02
9.900000e-01 7.088585e-01 2.726887e+00 2.640058e-01 -1.072602e+00 -9.794945e-02 -1.427159e-01 2.549363e-01 1.922864e+00 -3.325453e-02
9.950000e-01 7.101746e-01 2.721517e+00 2.624395e-01 -1.075183e+00 -8.857612e-02 -1.459901e-01 2.645087e-01 1.906123e+00 -2.662462e-02
1.000000e+00 7.114834e-01 2.716135e+00 2.610807e-01 -1.077827e+00 -7.683909e-02 -1.494761e-01 2.740002e-01 1.890514e+00 -2.482590e-02
1.005000e+00 7.127840e-01 2.710739e+00 2.591768e-01 -1.080463e+00 -1.076625e-01 -1.490495e-01 2.834037e-01 1.870897e+00 -3.119910e-02
1.010000e+00 7.140756e-01 2.705330e+00 2.574637e-01 -1.083009e+00 -9.687068e-02 -1.440124e-01 2.927134e-01 1.853028e+00 -2.841888e-02
1.015000e+00 7.153601e-01 2.699909e+00 2.563065e-01 -1.085522e+00 -6.543821e-02 -1.420704e-01 3.019360e-01 1.836039e+00 -2.702067e-02
1.020000e+00 7.166377e-01 2.694475e+00 2.547418e-01 -1.088078e+00 -8.848165e-02 -1.445699e-01 3.110628e-01 1.814703e+00 -3.393388e-02
1.025000e+00 7.179068e-01 2.689028e+00 2.529199e-01 -1.090686e+00 -1.030302e-01 -1.474840e-01 3.200864e-01 1.794738e+00 -3.175177e-02
1.030000e+00 7.191683e-01 2.683568e+00 2.516732e-01 -1.093357e+00 -7.049627e-02 -1.510300e-01 3.290204e-01 1.778907e+00 -2.517870e-02
1.035000e+00 7.204233e-01 2.678095e+00 2.503212e-01 -1.096046e+00 -7.645394e-02 -1.520612e-01 3.378592e-01 1.756623e+00 -3.544123e-02
1.040000e+00 7.216710e-01 2.672607e+00 2.487679e-01 -1.098885e+00 -8.783666e-02 -1.605369e-01 3.465904e-01 1.735886e+00 -3.298034e-02
1.045000e+00 7.229122e-01 2.667105e+00 2.476976e-01 -1.101876e+00 -6.052328e-02 -1.691628e-01 3.552277e-01 1.719057e+00 -2.676608e-02
1.050000e+00 7.241474e-01 2.661588e+00 2.463795e-01 -1.104921e+00 -7.453805e-02 -1.721790e-01 3.637706e-01 1.698104e+00 -3.332399e-02
1.055000e+00 7.253756e-01 2.656056e+00 2.449098e-01 -1.108022e+00 -8.310802e-02 -1.753489e-01 3.722077e-01 1.676784e+00 -3.390722e-02
1.060000e+00 7.265979e-01 2.650508e+00 2.440194e-01 -1.111104e+00 -5.035442e-02 -1.742546e-01 3.805430e-01 1.657352e+00 -3.090563e-02
1.065000e+00 7.278153e-01 2.644945e+00 2.429111e-01 -1.114220e+00 -6.267126e-02 -1.762050e-01 3.887698e-01 1.633392e+00 -3.810691e-02
1.070000e+00 7.290263e-01 2.639366e+00 2.414993e-01 -1.117384e+00 -7.983366e-02 -1.789320e-01 3.968783e-01 1.610019e+00 -3.717320e-02
1.075000e+00 7.302315e-01 2.633771e+00 2.405939e-01 -1.120556e+00 -5.119785e-02 -1.793754e-01 4.048783e-01 1.589994e+00 -3.184823e-02
1.080000e+00 7.314317e-01 2.628160e+00 2.394990e-01 -1.123748e+00 -6.191733e-02 -1.805011e-01 4.127592e-01 1.562376e+00 -4.392526e-02
1.085000e+00 7.326263e-01 2.622533e+00 2.383387e-01 -1.127095e+00 -6.561331e-02 -1.892941e-01 4.205072e-01 1.536850e+00 -4.059672e-02
1.090000e+00 7.338163e-01 2.616889e+00 2.376641e-01 -1.130543e+00 -3.814690e-02 -1.949455e-01 4.281390e-01 1.515872e+00 -3.336424e-02
1.095000e+00 7.350023e-01 2.611228e+00 2.367368e-01 -1.133984e+00 -5.243989e-02 -1.946227e-01 4.356530e-01 1.489745e+00 -4.155289e-02
1.100000e+00 7.361831e-01 2.605549e+00 2.355535e-01 -1.137507e+00 -6.691573e-02 -1.992119e-01 4.430346e-01 1.462925e+00 -4.265503e-02
1.105000e+00 7.373595e-01 2.599852e+00 2.350303e-01 -1.141129e+00 -2.958495e-02 -2.048363e-01 4.502941e-01 1.440877e+00 -3.506613e-02
1.110000e+00 7.385331e-01 2.594138e+00 2.343916e-01 -1.144791e+00 -3.611576e-02 -2.070356e-01 4.574323e-01 1.414413e+00 -4.208983e-02
1.115000e+00 7.397024e-01 2.588404e+00 2.333467e-01 -1.148485e+00 -5.908858e-02 -2.089207e-01 4.644358e-01 1.386987e+00 -4.361881e-02
1.120000e+00 7.408677e-01 2.582653e+00 2.327499e-01 -1.152089e+00 -3.374858e-02 -2.038039e-01 4.713083e-01 1.362028e+00 -3.969519e-02
1.125000e+00 7.420301e-01 2.576884e+00 2.322163e-01 -1.155626e+00 -3.017120e-02 -2.000003e-01 4.780469e-01 1.333428e+00 -4.548634e-02
1.130000e+00 7.431892e-01 2.571096e+00 2.314266e-01 -1.159270e+00 -4.465661e-02 -2.060660e-01 4.846414e-01 1.304361e+00 -4.622946e-02
1.135000e+00 7.443452e-01 2.565291e+00 2.309929e-01 -1.162986e+00 -2.452541e-02 -2.101396e-01 4.910990e-01 1.278722e+00 -4.077724e-02
1.140000e+00 7.454987e-01 2.559467e+00 2.304064e-01 -1.166700e+00 -3.316822e-02 -2.100203e-01 4.974185e-01 1.249062e+00 -4.717219e-02
1.145000e+00 7.466492e-01 2.553624e+00 2.297788e-01 -1.170389e+00 -3.549203e-02 -2.085861e-01 5.035901e-01 1.219602e+00 -4.685351e-02
1.150000e+00 7.477977e-01 2.547762e+00 2.295982e-01 -1.174180e+00 -1.020837e-02 -2.143959e-01 5.096236e-01 1.193801e+00 -4.103528e-02
1.155000e+00 7.489444e-01 2.541882e+00 2.290921e-01 -1.178012e+00 -2.862347e-02 -2.166938e-01 5.155167e-01 1.163460e+00 -4.825474e-02
1.160000e+00 7.500884e-01 2.535982e+00 2.285120e-01 -1.181890e+00 -3.280222e-02 -2.192663e-01 5.212636e-01 1.135298e+00 -4.478995e-02
1.165000e+00 7.512308e-01 2.530063e+00 2.284671e-01 -1.185714e+00 -2.541028e-03 -2.162954e-01 5.268754e-01 1.109435e+00 -4.113339e-02
1.170000e+00 7.523724e-01 2.524125e+00 2.281405e-01 -1.189478e+00 -1.846883e-02 -2.128326e-01 5.323447e-01 1.078291e+00 -4.953171e-02
1.175000e+00 7.535117e-01 2.518169e+00 2.275816e-01 -1.193113e+00 -3.159996e-02 -2.055163e-01 5.376646e-01 1.049639e+00 -4.556954e-02
1.180000e+00 7.546493e-01 2.512194e+00 2.274812e-01 -1.196642e+00 -5.678286e-03 -1.995866e-01 5.428492e-01 1.024226e+00 -4.041807e-02
1.185000e+00 7.557858e-01 2.506202e+00 2.271278e-01 -1.200117e+00 -1.998874e-02 -1.965049e-01 5.478921e-01 9.929408e-01 -4.975678e-02
1.190000e+00 7.569204e-01 2.500193e+00 2.266858e-01 -1.203567e+00 -2.499404e-02 -1.951179e-01 5.527863e-01 9.647205e-01 -4.488241e-02
1.195000e+00 7.580536e-01 2.494167e+00 2.265865e-01 -1.206905e+00 -5.611879e-03 -1.887311e-01 5.575464e-01 9.393352e-01 -4.037360e-02
1.200000e+00 7.591857e-01 2.488124e+00 2.262545e-01 -1.210246e+00 -1.877553e-02 -1.889326e-01 5.621695e-01 9.099032e-01 -4.680946e-02
1.205000e+00 7.603160e-01 2.482065e+00 2.258968e-01 -1.213578e+00 -2.022840e-02 -1.884095e-01 5.666510e-01 8.827234e-01 -4.322761e-02
1.210000e+00 7.614456e-01 2.475989e+00 2.259316e-01 -1.216854e+00 1.967245e-03 -1.852780e-01 5.710045e-01 8.586498e-01 -3.828752e-02
1.215000e+00 7.625743e-01 2.469896e+00 2.255273e-01 -1.220125e+00 -2.286341e-02 -1.849671e-01 5.752267e-01 8.302275e-01 -4.520368e-02
1.220000e+00 7.637010e-01 2.463787e+00 2.251762e-01 -1.223403e+00 -1.985250e-02 -1.853538e-01 5.793135e-01 8.045266e-01 -4.087552e-02
1.225000e+00 7.648271e-01 2.457662e+00 2.252652e-01 -1.226638e+00 5.034465e-03 -1.829226e-01 5.832762e-01 7.805566e-01 -3.812256e-02
1.230000e+00 7.659527e-01 2.451521e+00 2.249661e-01 -1.229828e+00 -1.691267e-02 -1.804350e-01 5.871068e-01 7.516880e-01 -4.591358e-02
1.235000e+00 7.670764e-01 2.445364e+00 2.245225e-01 -1.232889e+00 -2.508730e-02 -1.730551e-01 5.907974e-01 7.245476e-01 -4.316493e-02
1.240000e+00 7.681992e-01 2.439192e+00 2.245946e-01 -1.235860e+00 4.076100e-03 -1.680188e-01 5.943580e-01 6.996736e-01 -3.956040e-02
1.245000e+00 7.693215e-01 2.433005e+00 2.243350e-01 -1.238922e+00 -1.468085e-02 -1.731774e-01 5.977810e-01 6.695235e-01 -4.795164e-02
1.250000e+00 7.704422e-01 2.426803e+00 2.239383e-01 -1.241986e+00 -2.242986e-02 -1.732144e-01 6.010593e-01 6.418222e-01 -4.405709e-02
1.255000e+00 7.715620e-01 2.420586e+00 2.239771e-01 -1.244954e+00 2.194086e-03 -1.678663e-01 6.042036e-01 6.159072e-01 -4.121596e-02
1.260000e+00 7.726813e-01 2.414353e+00 2.237458e-01 -1.247966e+00 -1.307883e-02 -1.703238e-01 6.072065e-01 5.852407e-01 -4.877304e-02
1.265000e+00 7.737992e-01 2.408106e+00 2.234227e-01 -1.251019e+00 -1.827078e-02 -1.726577e-01 6.100626e-01 5.571856e-01 -4.461963e-02
1.270000e+00 7.749162e-01 2.401843e+00 2.233586e-01 -1.254026e+00 -3.625938e-03 -1.700132e-01 6.127815e-01 5.303678e-01 -4.265184e-02
1.275000e+00 7.760324e-01 2.395566e+00 2.231093e-01 -1.257064e+00 -1.410009e-02 -1.718160e-01 6.153567e-01 4.997281e-01 -4.873043e-02
1.280000e+00 7.771472e-01 2.389273e+00 2.228357e-01 -1.260146e+00 -1.546913e-02 -1.742600e-01 6.177854e-01 4.717465e-01 -4.450279e-02
1.285000e+00 7.782612e-01 2.382964e+00 2.227723e-01 -1.263245e+00 -3.586206e-03 -1.752293e-01 6.200774e-01 4.450541e-01 -4.245248e-02
1.290000e+00 7.793743e-01 2.376640e+00 2.224463e-01 -1.266328e+00 -1.843302e-02 -1.743872e-01 6.222247e-01 4.138748e-01 -4.958845e-02
1.295000e+00 7.804859e-01 2.370301e+00 2.221845e-01 -1.269375e+00 -1.480348e-02 -1.722591e-01 6.242227e-01 3.853354e-01 -4.538994e-02
1.300000e+00 7.815965e-01 2.363947e+00 2.220832e-01 -1.272388e+00 -5.732850e-03 -1.704175e-01 6.260788e-01 3.570948e-01 -4.491478e-02
1.305000e+00 7.827060e-01 2.357577e+00 2.216950e-01 -1.275340e+00 -2.194828e-02 -1.669059e-01 6.277841e-01 3.250289e-01 -5.099857e-02
1.310000e+00 7.838134e-01 2.351194e+00 2.212674e-01 -1.278137e+00 -2.418359e-02 -1.581536e-01 6.293323e-01 2.942284e-01 -4.898604e-02
1.315000e+00 7.849194e-01 2.344796e+00 2.211268e-01 -1.280856e+00 -7.949844e-03 -1.537590e-01 6.307357e-01 2.671360e-01 -4.308860e-02
1.320000e+00 7.860239e-01 2.338385e+00 2.206924e-01 -1.283405e+00 -2.456644e-02 -1.441434e-01 6.319981e-01 2.378187e-01 -4.662725e-02
1.325000e+00 7.871260e-01 2.331963e+00 2.201318e-01 -1.285744e+00 -3.169860e-02 -1.322754e-01 6.331173e-01 2.098906e-01 -4.441767e-02
1.330000e+00 7.882259e-01 2.325528e+00 2.198377e-01 -1.287999e+00 -1.662851e-02 -1.275499e-01 6.341054e-01 1.853300e-01 -3.906201e-02
1.335000e+00 7.893236e-01 2.319083e+00 2.192609e-01 -1.290113e+00 -3.262239e-02 -1.195053e-01 6.349652e-01 1.585930e-01 -4.252332e-02
1.340000e+00 7.904182e-01 2.312627e+00 2.185609e-01 -1.292179e+00 -3.958396e-02 -1.168276e-01 6.356925e-01 1.323358e-01 -4.176034e-02
1.345000e+00 7.915100e-01 2.306161e+00 2.181601e-01 -1.294181e+00 -2.265995e-02 -1.132407e-01 6.362957e-01 1.089348e-01 -3.721755e-02
1.350000e+00 7.925993e-01 2.299685e+00 2.175639e-01 -1.296137e+00 -3.371488e-02 -1.105827e-01 6.367762e-01 8.328096e-02 -4.080074e-02
1.355000e+00 7.936852e-01 2.293200e+00 2.167880e-01 -1.298141e+00 -4.387700e-02 -1.133510e-01 6.371275e-01 5.722925e-02 -4.143345e-02
1.360000e+00 7.947681e-01 2.286704e+00 2.163573e-01 -1.300133e+00 -2.435733e-02 -1.126184e-01 6.373564e-01 3.433693e-02 -3.640867e-02
1.365000e+00 7.958482e-01 2.280199e+00 2.156832e-01 -1.302088e+00 -3.811608e-02 -1.105572e-01 6.374619e-01 7.865164e-03 -4.210153e-02
1.370000e+00 7.969245e-01 2.273683e+00 2.148600e-01 -1.304147e+00 -4.655490e-02 -1.164622e-01 6.374352e-01 -1.854814e-02 -4.200854e-02
1.375000e+00 7.979976e-01 2.267157e+00 2.143736e-01 -1.306163e+00 -2.750418e-02 -1.139865e-01 6.372831e-01 -4.230018e-02 -3.777599e-02
1.380000e+00 7.990676e-01 2.260621e+00 2.136305e-01 -1.308134e+00 -4.202185e-02 -1.114711e-01 6.370014e-01 -7.038878e-02 -4.467299e-02
1.385000e+00 8.001334e-01 2.254076e+00 2.127042e-01 -1.310125e+00 -5.238017e-02 -1.125546e-01 6.365782e-01 -9.886595e-02 -4.529099e-02
1.390000e+00 8.011955e-01 2.247520e+00 2.121070e-01 -1.312042e+00 -3.377286e-02 -1.084076e-01 6.360197e-01 -1.245317e-01 -4.081966e-02
1.395000e+00 8.022539e-01 2.240955e+00 2.112772e-01 -1.313981e+00 -4.692448e-02 -1.096868e-01 6.353233e-01 -1.540252e-01 -4.690728e-02
1.400000e+00 8.033077e-01 2.234381e+00 2.102238e-01 -1.315893e+00 -5.956778e-02 -1.081196e-01 6.344776e-01 -1.842928e-01 -4.813861e-02
1.405000e+00 8.043571e-01 2.227796e+00 2.095263e-01 -1.317788e+00 -3.944021e-02 -1.071412e-01 6.334899e-01 -2.107663e-01 -4.210423e-02
1.410000e+00 8.054025e-01 2.221203e+00 2.086419e-01 -1.319508e+00 -5.001074e-02 -9.728132e-02 6.323658e-01 -2.388857e-01 -4.472195e-02
1.415000e+00 8.064428e-01 2.214602e+00 2.074836e-01 -1.320963e+00 -6.549904e-02 -8.228228e-02 6.311025e-01 -2.664359e-01 -4.381679e-02
1.420000e+00 8.074776e-01 2.207994e+00 2.064461e-01 -1.322212e+00 -5.867168e-02 -7.057930e-02 6.297104e-01 -2.904111e-01 -3.813082e-02
1.425000e+00 8.085073e-01 2.201380e+00 2.054061e-01 -1.323284e+00 -5.880970e-02 -6.065348e-02 6.282008e-01 -3.134208e-01 -3.659537e-02
1.430000e+00 8.095309e-01 2.194761e+00 2.040711e-01 -1.324262e+00 -7.549534e-02 -5.528199e-02 6.265727e-01 -3.378020e-01 -3.877673e-02
1.435000e+00 8.105482e-01 2.188138e+00 2.028474e-01 -1.325203e+00 -6.919817e-02 -5.323582e-02 6.248282e-01 -3.599997e-01 -3.530389e-02
1.440000e+00 8.115597e-01 2.181510e+00 2.017422e-01 -1.326062e+00 -6.249831e-02 -4.854114e-02 6.229743e-01 -3.815520e-01 -3.427740e-02
1.445000e+00 8.125649e-01 2.174877e+00 2.003170e-01 -1.326939e+00 -8.058862e-02 -4.962348e-02 6.210047e-01 -4.063128e-01 -3.938036e-02
1.450000e+00 8.135632e-01 2.168240e+00 1.990000e-01 -1.327848e+00 -7.447438e-02 -5.141895e-02 6.189170e-01 -4.287448e-01 -3.567653e-02
1.455000e+00 8.145552e-01 2.161599e+00 1.977994e-01 -1.328722e+00 -6.789720e-02 -4.941512e-02 6.167163e-01 -4.515616e-01 -3.628861e-02
1.460000e+00 8.155406e-01 2.154953e+00 1.963662e-01 -1.329705e+00 -8.104632e-02 -5.557084e-02 6.143941e-01 -4.773134e-01 -4.095646e-02
1.465000e+00 8.165189e-01 2.148302e+00 1.949540e-01 -1.330722e+00 -7.985264e-02 -5.753167e-02 6.119478e-01 -5.011833e-01 -3.796336e-02
1.470000e+00 8.174905e-01 2.141645e+00 1.937007e-01 -1.331771e+00 -7.087741e-02 -5.929228e-02 6.093830e-01 -5.247589e-01 -3.749547e-02
1.475000e+00 8.184554e-01 2.134984e+00 1.922671e-01 -1.332862e+00 -8.106842e-02 -6.169408e-02 6.066934e-01 -5.510828e-01 -4.186626e-02
1.480000e+00 8.194129e-01 2.128317e+00 1.907280e-01 -1.333950e+00 -8.703231e-02 -6.154731e-02 6.038741e-01 -5.766283e-01 -4.062846e-02
1.485000e+00 8.203631e-01 2.121644e+00 1.893462e-01 -1.335068e+00 -7.813646e-02 -6.320841e-02 6.009312e-01 -6.005253e-01 -3.800644e-02
1.490000e+00 8.213061e-01 2.114967e+00 1.878662e-01 -1.335955e+00 -8.369593e-02 -5.014767e-02 5.978646e-01 -6.261125e-01 -4.069477e-02
1.495000e+00 8.222411e-01 2.108285e+00 1.861258e-01 -1.336649e+00 -9.841241e-02 -3.927181e-02 5.946761e-01 -6.493166e-01 -3.690438e-02
1.500000e+00 8.231678e-01 2.101601e+00 1.845580e-01 -1.337101e+00 -8.865779e-02 -2.556967e-02 5.913818e-01 -6.683976e-01 -3.034707e-02
1.505000e+00 8.240864e-01 2.094915e+00 1.828860e-01 -1.337288e+00 -9.454903e-02 -1.055594e-02 5.879880e-01 -6.891129e-01 -3.294626e-02
1.510000e+00 8.249957e-01 2.088228e+00 1.808340e-01 -1.337370e+00 -1.160418e-01 -4.644625e-03 5.844892e-01 -7.104288e-01 -3.390150e-02
1.515000e+00 8.258955e-01 2.081541e+00 1.790571e-01 -1.337406e+00 -1.004805e-01 -2.010863e-03 5.808935e-01 -7.278284e-01 -2.767294e-02
1.520000e+00 8.267865e-01 2.074854e+00 1.773527e-01 -1.337391e+00 -9.638015e-02 8.418026e-04 5.772054e-01 -7.474057e-01 -3.113634e-02
1.525000e+00 8.276681e-01 2.068167e+00 1.752946e-01 -1.337422e+00 -1.163851e-01 -1.781028e-03 5.734152e-01 -7.686760e-01 -3.382885e-02
1.530000e+00 8.285398e-01 2.061480e+00 1.733701e-01 -1.337445e+00 -1.088251e-01 -1.262477e-03 5.695224e-01 -7.884434e-01 -3.143870e-02
1.535000e+00 8.294022e-01 2.054793e+00 1.716231e-01 -1.337497e+00 -9.878967e-02 -2.937988e-03 5.655289e-01 -8.089674e-01 -3.264209e-02
1.540000e+00 8.302554e-01 2.048105e+00 1.696266e-01 -1.337587e+00 -1.129029e-01 -5.085523e-03 5.614275e-01 -8.315961e-01 -3.598934e-02
1.545000e+00 8.310982e-01 2.041417e+00 1.675249e-01 -1.337673e+00 -1.188479e-01 -4.903486e-03 5.572118e-01 -8.546756e-01 -3.670631e-02
1.550000e+00 8.319314e-01 2.034728e+00 1.657409e-01 -1.337812e+00 -1.008796e-01 -7.849843e-03 5.528867e-01 -8.753845e-01 -3.293611e-02
1.555000e+00 8.327552e-01 2.028039e+00 1.637888e-01 -1.337950e+00 -1.103882e-01 -7.821665e-03 5.484496e-01 -8.994774e-01 -3.831808e-02
1.560000e+00 8.335687e-01 2.021349e+00 1.616060e-01 -1.338123e+00 -1.234372e-01 -9.769128e-03 5.438905e-01 -9.241620e-01 -3.925922e-02
1.565000e+00 8.343718e-01 2.014658e+00 1.596366e-01 -1.338102e+00 -1.113672e-01 1.215011e-03 5.392183e-01 -9.447263e-01 -3.270610e-02
1.570000e+00 8.351650e-01 2.007968e+00 1.576506e-01 -1.337886e+00 -1.123034e-01 1.220447e-02 5.344434e-01 -9.652332e-01 -3.261480e-02
1.575000e+00 8.359476e-01 2.001280e+00 1.553907e-01 -1.337462e+00 -1.277967e-01 2.395642e-02 5.295667e-01 -9.854394e-01 -3.213667e-02
1.580000e+00 8.367189e-01 1.994594e+00 1.531170e-01 -1.336800e+00 -1.285750e-01 3.746140e-02 5.245972e-01 -1.002341e+00 -2.688142e-02
1.585000e+00 8.374793e-01 1.987912e+00 1.510281e-01 -1.336084e+00 -1.181247e-01 4.048902e-02 5.195461e-01 -1.018106e+00 -2.507232e-02
1.590000e+00 8.382286e-01 1.981233e+00 1.487188e-01 -1.335268e+00 -1.305846e-01 4.614788e-02 5.144117e-01 -1.035680e+00 -2.794972e-02
1.595000e+00 8.389662e-01 1.974559e+00 1.462873e-01 -1.334446e+00 -1.374982e-01 4.645628e-02 5.091919e-01 -1.052244e+00 -2.634421e-02
1.600000e+00 8.396922e-01 1.967889e+00 1.441246e-01 -1.333587e+00 -1.223017e-01 4.857058e-02 5.038928e-01 -1.067407e+00 -2.411681e-02
1.605000e+00 8.404073e-01 1.961223e+00 1.419000e-01 -1.332777e+00 -1.257975e-01 4.580079e-02 4.985118e-01 -1.084986e+00 -2.795762e-02
1.610000e+00 8.411106e-01 1.954561e+00 1.394249e-01 -1.332048e+00 -1.399628e-01 4.126797e-02 4.930406e-01 -1.103503e+00 -2.944939e-02
1.615000e+00 8.418021e-01 1.947903e+00 1.371859e-01 -1.331315e+00 -1.266096e-01 4.141496e-02 4.874827e-01 -1.119679e+00 -2.572731e-02
1.620000e+00 8.424824e-01 1.941248e+00 1.349477e-01 -1.330587e+00 -1.265666e-01 4.118705e-02 4.818367e-01 -1.138728e+00 -3.029536e-02
1.625000e+00 8.431511e-01 1.934596e+00 1.325286e-01 -1.329958e+00 -1.367983e-01 3.557159e-02 4.760951e-01 -1.157912e+00 -3.051222e-02
1.630000e+00 8.438078e-01 1.927948e+00 1.301510e-01 -1.329337e+00 -1.344538e-01 3.511248e-02 4.702598e-01 -1.176206e+00 -2.909402e-02
1.635000e+00 8.444531e-01 1.921303e+00 1.279760e-01 -1.328719e+00 -1.229910e-01 3.492342e-02 4.643329e-01 -1.194560e+00 -2.919182e-02
1.640000e+00 8.450873e-01 1.914661e+00 1.256786e-01 -1.328062e+00 -1.299131e-01 3.716792e-02 4.583113e-01 -1.214104e+00 -3.108264e-02
1.645000e+00 8.457093e-01 1.908023e+00 1.231368e-01 -1.327304e+00 -1.437389e-01 4.289173e-02 4.521962e-01 -1.231915e+00 -2.832735e-02
1.650000e+00 8.463193e-01 1.901389e+00 1.208771e-01 -1.326311e+00 -1.277832e-01 5.613240e-02 4.460013e-01 -1.246054e+00 -2.248791e-02
1.655000e+00 8.469179e-01 1.894760e+00 1.185626e-01 -1.325088e+00 -1.308813e-01 6.915581e-02 4.397326e-01 -1.261443e+00 -2.447511e-02
1.660000e+00 8.475042e-01 1.888138e+00 1.159297e-01 -1.323829e+00 -1.488846e-01 7.118718e-02 4.333918e-01 -1.274897e+00 -2.139690e-02
1.665000e+00 8.480776e-01 1.881522e+00 1.134317e-01 -1.322455e+00 -1.412615e-01 7.771316e-02 4.269879e-01 -1.286671e+00 -1.872584e-02
1.670000e+00 8.486390e-01 1.874914e+00 1.111212e-01 -1.321011e+00 -1.306518e-01 8.162041e-02 4.205268e-01 -1.297777e+00 -1.766391e-02
1.675000e+00 8.491882e-01 1.868312e+00 1.085805e-01 -1.319534e+00 -1.436730e-01 8.352669e-02 4.140051e-01 -1.310892e+00 -2.085795e-02
1.680000e+00 8.497245e-01 1.861718e+00 1.059387e-01 -1.318143e+00 -1.493944e-01 7.867752e-02 4.074213e-01 -1.322640e+00 -1.868479e-02
1.685000e+00 8.502484e-01 1.855131e+00 1.036140e-01 -1.316750e+00 -1.314591e-01 7.876260e-02 4.007829e-01 -1.332754e+00 -1.608572e-02
1.690000e+00 8.507605e-01 1.848550e+00 1.012287e-01 -1.315359e+00 -1.348859e-01 7.864779e-02 3.940871e-01 -1.345543e+00 -2.034008e-02
1.695000e+00 8.512601e-01 1.841977e+00 9.862017e-02 -1.314041e+00 -1.475063e-01 7.456018e-02 3.873271e-01 -1.358469e+00 -2.055701e-02
1.700000e+00 8.517469e-01 1.835410e+00 9.607384e-02 -1.312719e+00 -1.439917e-01 7.477398e-02 3.805059e-01 -1.370024e+00 -1.837782e-02
1.705000e+00 8.522215e-01 1.828850e+00 9.380120e-02 -1.311444e+00 -1.285142e-01 7.207258e-02 3.736259e-01 -1.382012e+00 -1.906665e-02
1.710000e+00 8.526843e-01 1.822296e+00 9.131458e-02 -1.310170e+00 -1.406150e-01 7.205529e-02 3.666811e-01 -1.395908e+00 -2.210007e-02
1.715000e+00 8.531344e-01 1.815748e+00 8.869759e-02 -1.308963e+00 -1.479876e-01 6.827516e-02 3.596692e-01 -1.408851e+00 -2.058449e-02
1.720000e+00 8.535720e-01 1.809206e+00 8.637325e-02 -1.307785e+00 -1.314383e-01 6.661064e-02 3.525966e-01 -1.420227e+00 -1.809248e-02
1.725000e+00 8.539981e-01 1.802670e+00 8.403464e-02 -1.306591e+00 -1.322451e-01 6.750576e-02 3.454637e-01 -1.432931e+00 -2.020512e-02
1.730000e+00 8.544117e-01 1.796140e+00 8.140126e-02 -1.305423e+00 -1.489141e-01 6.601973e-02 3.382638e-01 -1.447046e+00 -2.244934e-02
1.735000e+00 8.548125e-01 1.789616e+00 7.895520e-02 -1.304167e+00 -1.383217e-01 7.107032e-02 3.310032e-01 -1.457199e+00 -1.614847e-02
1.740000e+00 8.552017e-01 1.783099e+00 7.669889e-02 -1.302783e+00 -1.275912e-01 7.823810e-02 3.236942e-01 -1.466414e+00 -1.465477e-02
1.745000e+00 8.555790e-01 1.776588e+00 7.424896e-02 -1.301330e+00 -1.385402e-01 8.216267e-02 3.163365e-01 -1.476676e+00 -1.632128e-02
1.750000e+00 8.559437e-01 1.770086e+00 7.162373e-02 -1.299723e+00 -1.484536e-01 9.088826e-02 3.089315e-01 -1.485332e+00 -1.376728e-02
1.755000e+00 8.562959e-01 1.763591e+00 6.923504e-02 -1.298116e+00 -1.350769e-01 9.088204e-02 3.014913e-01 -1.490764e+00 -8.639393e-03
1.760000e+00 8.566363e-01 1.757105e+00 6.694521e-02 -1.296476e+00 -1.294871e-01 9.271240e-02 2.940216e-01 -1.497122e+00 -1.011069e-02
1.765000e+00 8.569646e-01 1.750626e+00 6.437608e-02 -1.294811e+00 -1.452807e-01 9.418525e-02 2.865191e-01 -1.503911e+00 -1.079889e-02
1.770000e+00 8.572801e-01 1.744157e+00 6.180908e-02 -1.293097e+00 -1.451608e-01 9.689051e-02 2.789857e-01 -1.509465e+00 -8.831707e-03
1.775000e+00 8.575835e-01 1.737695e+00 5.956994e-02 -1.291420e+00 -1.266201e-01 9.482965e-02 2.714293e-01 -1.513122e+00 -5.817690e-03
1.780000e+00 8.578755e-01 1.731242e+00 5.719503e-02 -1.289750e+00 -1.342979e-01 9.444540e-02 2.638496e-01 -1.518764e+00 -8.972963e-03
1.785000e+00 8.581550e-01 1.724798e+00 5.462101e-02 -1.288111e+00 -1.455577e-01 9.269464e-02 2.562431e-01 -1.523826e+00 -8.050870e-03
1.790000e+00 8.584221e-01 1.718361e+00 5.221228e-02 -1.286463e+00 -1.362102e-01 9.320528e-02 2.486136e-01 -1.528009e+00 -6.652941e-03
1.795000e+00 8.586774e-01 1.711933e+00 4.993037e-02 -1.284858e+00 -1.290392e-01 9.075137e-02 2.409646e-01 -1.531618e+00 -5.739389e-03
1.800000e+00 8.589210e-01 1.705513e+00 4.747705e-02 -1.283345e+00 -1.387321e-01 8.552846e-02 2.332933e-01 -1.536904e+00 -8.406148e-03
1.805000e+00 8.591522e-01 1.699100e+00 4.503119e-02 -1.281827e+00 -1.383102e-01 8.588163e-02 2.255988e-01 -1.540918e+00 -6.385172e-03
1.810000e+00 8.593717e-01 1.692694e+00 4.274590e-02 -1.280275e+00 -1.292298e-01 8.773547e-02 2.178869e-01 -1.543860e+00 -4.678772e-03
1.815000e+00 8.595795e-01 1.686297e+00 4.039679e-02 -1.278841e+00 -1.328394e-01 8.111695e-02 2.101562e-01 -1.548435e+00 -7.275831e-03
1.820000e+00 8.597754e-01 1.679906e+00 3.797055e-02 -1.277394e+00 -1.372004e-01 8.182525e-02 2.024043e-01 -1.552329e+00 -6.193277e-03
1.825000e+00 8.599594e-01 1.673522e+00 3.559805e-02 -1.276011e+00 -1.341616e-01 7.815985e-02 1.946368e-01 -1.554698e+00 -3.767776e-03
1.830000e+00 8.601317e-01 1.667146e+00 3.333744e-02 -1.274624e+00 -1.278343e-01 7.844274e-02 1.868540e-01 -1.558427e+00 -5.930926e-03
1.835000e+00 8.602925e-01 1.660776e+00 3.099762e-02 -1.273257e+00 -1.323139e-01 7.731673e-02 1.790536e-01 -1.561756e+00 -5.294675e-03
1.840000e+00 8.604415e-01 1.654413e+00 2.859385e-02 -1.271981e+00 -1.359298e-01 7.216531e-02 1.712386e-01 -1.564240e+00 -3.950851e-03
1.845000e+00 8.605790e-01 1.648056e+00 2.640066e-02 -1.270702e+00 -1.240222e-01 7.231822e-02 1.634140e-01 -1.565639e+00 -2.224287e-03
1.850000e+00 8.607052e-01 1.641706e+00 2.407328e-02 -1.269391e+00 -1.316100e-01 7.416121e-02 1.555769e-01 -1.569206e+00 -5.672379e-03
1.855000e+00 8.608196e-01 1.635362e+00 2.167788e-02 -1.268188e+00 -1.354571e-01 6.797877e-02 1.477266e-01 -1.570917e+00 -2.721689e-03
1.860000e+00 8.609224e-01 1.629024e+00 1.946045e-02 -1.267007e+00 -1.253923e-01 6.679525e-02 1.398706e-01 -1.571491e+00 -9.132600e-04
1.865000e+00 8.610141e-01 1.622692e+00 1.722865e-02 -1.265822e+00 -1.262054e-01 6.702371e-02 1.320090e-01 -1.573177e+00 -2.681392e-03
1.870000e+00 8.610944e-01 1.616366e+00 1.486985e-02 -1.264639e+00 -1.333869e-01 6.687793e-02 1.241385e-01 -1.575049e+00 -2.976951e-03
1.875000e+00 8.611631e-01 1.610045e+00 1.260508e-02 -1.263553e+00 -1.280699e-01 6.140629e-02 1.162633e-01 -1.575046e+00 3.703493e-06
1.880000e+00 8.612207e-01 1.603730e+00 1.044316e-02 -1.262454e+00 -1.222540e-01 6.219220e-02 1.083887e-01 -1.574797e+00 3.964764e-04
1.885000e+00 8.612673e-01 1.597421e+00 8.182749e-03 -1.261389e+00 -1.278229e-01 6.018875e-02 1.005131e-01 -1.575456e+00 -1.047065e-03
1.890000e+00 8.613023e-01 1.591117e+00 5.849484e-03 -1.260354e+00 -1.319430e-01 5.855372e-02 9.263582e-02 -1.575487e+00 -4.933519e-05
1.895000e+00 8.613262e-01 1.584817e+00 3.715605e-03 -1.259312e+00 -1.206680e-01 5.891775e-02 8.476224e-02 -1.573962e+00 2.425148e-03
1.900000e+00 8.613394e-01 1.578523e+00 1.536912e-03 -1.258318e+00 -1.232022e-01 5.622349e-02 7.689383e-02 -1.573418e+00 8.652454e-04
1.905000e+00 8.613413e-01 1.572234e+00 -7.521464e-04 -1.257384e+00 -1.294432e-01 5.278777e-02 6.903039e-02 -1.571974e+00 2.295562e-03
1.910000e+00 8.613321e-01 1.565949e+00 -2.956687e-03 -1.256433e+00 -1.246639e-01 5.376107e-02 6.117557e-02 -1.569970e+00 3.187969e-03
1.915000e+00 8.613118e-01 1.559670e+00 -5.146114e-03 -1.255466e+00 -1.238091e-01 5.468684e-02 5.332973e-02 -1.568381e+00 2.526382e-03
1.920000e+00 8.612806e-01 1.553395e+00 -7.334116e-03 -1.254559e+00 -1.237286e-01 5.128389e-02 4.549598e-02 -1.565135e+00 5.162396e-03
1.925000e+00 8.612386e-01 1.547124e+00 -9.480086e-03 -1.253720e+00 -1.213517e-01 4.749110e-02 3.767775e-02 -1.562174e+00 4.710328e-03
1.930000e+00 8.611858e-01 1.540857e+00 -1.162138e-02 -1.252918e+00 -1.210874e-01 4.535255e-02 2.987583e-02 -1.558609e+00 5.668918e-03
1.935000e+00 8.611222e-01 1.534595e+00 -1.382149e-02 -1.252052e+00 -1.244134e-01 4.893622e-02 2.209110e-02 -1.555298e+00 5.266956e-03
1.940000e+00 8.610478e-01 1.528337e+00 -1.595737e-02 -1.251264e+00 -1.207808e-01 4.459754e-02 1.432514e-02 -1.551103e+00 6.671356e-03
1.945000e+00 8.609628e-01 1.522082e+00 -1.802917e-02 -1.250539e+00 -1.171580e-01 4.094509e-02 6.582017e-03 -1.546161e+00 7.859929e-03
1.950000e+00 8.608673e-01 1.515831e+00 -2.018447e-02 -1.249823e+00 -1.218790e-01 4.049068e-02 -1.136464e-03 -1.541246e+00 7.816344e-03
1.955000e+00 8.607608e-01 1.509584e+00 -2.240611e-02 -1.249104e+00 -1.256309e-01 4.068619e-02 -8.832686e-03 -1.537258e+00 6.343864e-03
1.960000e+00 8.606436e-01 1.503340e+00 -2.446012e-02 -1.248448e+00 -1.161517e-01 3.711824e-02 -1.650442e-02 -1.531450e+00 9.235929e-03
1.965000e+00 8.605161e-01 1.497099e+00 -2.654246e-02 -1.247847e+00 -1.177532e-01 3.396747e-02 -2.414566e-02 -1.525062e+00 1.015997e-02
1.970000e+00 8.603781e-01 1.490862e+00 -2.865644e-02 -1.247256e+00 -1.195431e-01 3.340687e-02 -3.175559e-02 -1.518922e+00 9.765353e-03
1.975000e+00 8.602296e-01 1.484627e+00 -3.076340e-02 -1.246638e+00 -1.191458e-01 3.497234e-02 -3.933740e-02 -1.513818e+00 8.118380e-03
1.980000e+00 8.600704e-01 1.478395e+00 -3.288905e-02 -1.246107e+00 -1.202022e-01 3.003108e-02 -4.688743e-02 -1.506209e+00 1.210132e-02
1.985000e+00 8.599009e-01 1.472166e+00 -3.493831e-02 -1.245594e+00 -1.158835e-01 2.897109e-02 -5.439853e-02 -1.498246e+00 1.266376e-02
1.990000e+00 8.597211e-01 1.465939e+00 -3.696422e-02 -1.245127e+00 -1.145624e-01 2.644282e-02 -6.187297e-02 -1.491544e+00 1.066009e-02
1.995000e+00 8.595309e-01 1.459715e+00 -3.911707e-02 -1.244631e+00 -1.217407e-01 2.803702e-02 -6.931157e-02 -1.483910e+00 1.214127e-02
2.000000e+00 8.593302e-01 1.453493e+00 -4.117610e-02 -1.244128e+00 -1.164356e-01 2.843580e-02 -7.670763e-02 -1.474525e+00 1.492565e-02
2.005000e+00 8.591192e-01 1.447273e+00 -4.321061e-02 -1.243740e+00 -1.150488e-01 2.196198e-02 -8.406055e-02 -1.466655e+00 1.251683e-02
2.010000e+00 8.588981e-01 1.441055e+00 -4.522506e-02 -1.243364e+00 -1.139143e-01 2.123491e-02 -9.137155e-02 -1.457760e+00 1.414637e-02
2.015000e+00 8.586668e-01 1.434839e+00 -4.731039e-02 -1.242949e+00 -1.179228e-01 2.345942e-02 -9.863450e-02 -1.447432e+00 1.642624e-02
2.020000e+00 8.584249e-01 1.428626e+00 -4.943642e-02 -1.242601e+00 -1.202240e-01 1.969455e-02 -1.058495e-01 -1.438560e+00 1.411046e-02
2.025000e+00 8.581727e-01 1.422413e+00 -5.143147e-02 -1.242267e+00 -1.128176e-01 1.886102e-02 -1.130185e-01 -1.429061e+00 1.510844e-02
2.030000e+00 8.579107e-01 1.416203e+00 -5.339726e-02 -1.241992e+00 -1.111626e-01 1.557698e-02 -1.201339e-01 -1.417110e+00 1.900597e-02
2.035000e+00 8.576384e-01 1.409993e+00 -5.553290e-02 -1.241724e+00 -1.207676e-01 1.518189e-02 -1.271949e-01 -1.407332e+00 1.555131e-02
2.040000e+00 8.573554e-01 1.403786e+00 -5.766349e-02 -1.241410e+00 -1.204821e-01 1.771851e-02 -1.342069e-01 -1.397448e+00 1.572108e-02
2.045000e+00 8.570623e-01 1.397579e+00 -5.957406e-02 -1.241186e+00 -1.080401e-01 1.269519e-02 -1.411629e-01 -1.384984e+00 1.982261e-02
2.050000e+00 8.567593e-01 1.391374e+00 -6.160893e-02 -1.241036e+00 -1.150691e-01 8.452356e-03 -1.480583e-01 -1.373167e+00 1.879341e-02
2.055000e+00 8.564458e-01 1.385169e+00 -6.378968e-02 -1.240822e+00 -1.233185e-01 1.214263e-02 -1.548976e-01 -1.362587e+00 1.682776e-02
2.060000e+00 8.561221e-01 1.378965e+00 -6.570665e-02 -1.240601e+00 -1.084021e-01 1.249168e-02 -1.616799e-01 -1.350340e+00 1.947676e-02
2.065000e+00 8.557886e-01 1.372763e+00 -6.767404e-02 -1.240480e+00 -1.112534e-01 6.829435e-03 -1.683989e-01 -1.337259e+00 2.080499e-02
2.070000e+00 8.554448e-01 1.366561e+00 -6.986924e-02 -1.240375e+00 -1.241356e-01 5.924840e-03 -1.750557e-01 -1.325486e+00 1.872443e-02
2.075000e+00 8.550906e-01 1.360359e+00 -7.181410e-02 -1.240234e+00 -1.099791e-01 7.974444e-03 -1.816512e-01 -1.312718e+00 2.030619e-02
2.080000e+00 8.547266e-01 1.354158e+00 -7.377523e-02 -1.240125e+00 -1.108993e-01 6.187510e-03 -1.881834e-01 -1.300180e+00 1.994151e-02
2.085000e+00 8.543523e-01 1.347958e+00 -7.594315e-02 -1.240090e+00 -1.225932e-01 1.980281e-03 -1.946513e-01 -1.286982e+00 2.099040e-02
2.090000e+00 8.539677e-01 1.341757e+00 -7.789631e-02 -1.240061e+00 -1.104486e-01 1.639602e-03 -2.010511e-01 -1.272934e+00 2.234264e-02
2.095000e+00 8.535734e-01 1.335557e+00 -7.981157e-02 -1.240008e+00 -1.083054e-01 2.975855e-03 -2.073867e-01 -1.261332e+00 1.845088e-02
2.100000e+00 8.531689e-01 1.329357e+00 -8.200279e-02 -1.239992e+00 -1.239106e-01 9.269938e-04 -2.136598e-01 -1.247915e+00 2.134024e-02
2.105000e+00 8.527540e-01 1.323157e+00 -8.396710e-02 -1.240044e+00 -1.110789e-01 -2.962876e-03 -2.198610e-01 -1.232567e+00 2.441000e-02
2.110000e+00 8.523294e-01 1.316956e+00 -8.586563e-02 -1.240126e+00 -1.073592e-01 -4.620446e-03 -2.259935e-01 -1.220440e+00 1.928694e-02
2.115000e+00 8.518946e-01 1.310756e+00 -8.803042e-02 -1.240145e+00 -1.224159e-01 -1.113183e-03 -2.320660e-01 -1.208564e+00 1.888673e-02
2.120000e+00 8.514496e-01 1.304555e+00 -9.000202e-02 -1.240218e+00 -1.114917e-01 -4.092240e-03 -2.380688e-01 -1.192561e+00 2.545287e-02
2.125000e+00 8.509947e-01 1.298353e+00 -9.193665e-02 -1.240392e+00 -1.094007e-01 -9.836900e-03 -2.439994e-01 -1.179692e+00 2.046656e-02
2.130000e+00 8.505299e-01 1.292151e+00 -9.397832e-02 -1.240547e+00 -1.154536e-01 -8.804063e-03 -2.498687e-01 -1.168044e+00 1.852522e-02
2.135000e+00 8.500553e-01 1.285948e+00 -9.586599e-02 -1.240715e+00 -1.067455e-01 -9.477774e-03 -2.556700e-01 -1.152489e+00 2.473961e-02
2.140000e+00 8.495711e-01 1.279744e+00 -9.782901e-02 -1.240941e+00 -1.110062e-01 -1.277705e-02 -2.613994e-01 -1.139238e+00 2.107475e-02
2.145000e+00 8.490768e-01 1.273538e+00 -9.986401e-02 -1.241196e+00 -1.150761e-01 -1.440041e-02 -2.670653e-01 -1.127149e+00 1.922703e-02
2.150000e+00 8.485731e-01 1.267332e+00 -1.016500e-01 -1.241411e+00 -1.009928e-01 -1.218212e-02 -2.726654e-01 -1.112889e+00 2.267964e-02
2.155000e+00 8.480599e-01 1.261124e+00 -1.036121e-01 -1.241617e+00 -1.109565e-01 -1.163201e-02 -2.781968e-01 -1.099674e+00 2.101650e-02
2.160000e+00 8.475368e-01 1.254916e+00 -1.056386e-01 -1.241828e+00 -1.145986e-01 -1.194751e-02 -2.836607e-01 -1.085905e+00 2.189948e-02
2.165000e+00 8.470045e-01 1.248706e+00 -1.072588e-01 -1.242035e+00 -9.161812e-02 -1.173366e-02 -2.890527e-01 -1.070908e+00 2.385176e-02
2.170000e+00 8.464635e-01 1.242496e+00 -1.091632e-01 -1.242162e+00 -1.076888e-01 -7.163845e-03 -2.943738e-01 -1.057545e+00 2.125272e-02
2.175000e+00 8.459126e-01 1.236284e+00 -1.111763e-01 -1.242293e+00 -1.138375e-01 -7.411147e-03 -2.996238e-01 -1.042452e+00 2.400363e-02
2.180000e+00 8.453528e-01 1.230072e+00 -1.127602e-01 -1.242495e+00 -8.957071e-02 -1.143038e-02 -3.047950e-01 -1.026034e+00 2.611316e-02
2.185000e+00 8.447845e-01 1.223860e+00 -1.145379e-01 -1.242645e+00 -1.005233e-01 -8.482548e-03 -3.098935e-01 -1.013360e+00 2.015695e-02
2.190000e+00 8.442070e-01 1.217646e+00 -1.164856e-01 -1.242745e+00 -1.101441e-01 -5.612828e-03 -3.149205e-01 -9.974615e-01 2.528482e-02
2.195000e+00 8.436206e-01 1.211432e+00 -1.180719e-01 -1.242922e+00 -8.970307e-02 -1.001442e-02 -3.198650e-01 -9.803381e-01 2.723365e-02
2.200000e+00 8.430260e-01 1.205217e+00 -1.197802e-01 -1.243094e+00 -9.660091e-02 -9.754786e-03 -3.247352e-01 -9.677218e-01 2.006542e-02
2.205000e+00 8.424225e-01 1.199001e+00 -1.216062e-01 -1.243133e+00 -1.032572e-01 -2.196907e-03 -3.295351e-01 -9.522524e-01 2.460301e-02
2.210000e+00 8.418107e-01 1.192785e+00 -1.231191e-01 -1.243275e+00 -8.555400e-02 -8.037653e-03 -3.342520e-01 -9.345219e-01 2.819907e-02
2.215000e+00 8.411908e-01 1.186568e+00 -1.248133e-01 -1.243500e+00 -9.580538e-02 -1.273044e-02 -3.388919e-01 -9.214304e-01 2.082121e-02
2.220000e+00 8.405627e-01 1.180351e+00 -1.264525e-01 -1.243603e+00 -9.269325e-02 -5.810716e-03 -3.434613e-01 -9.063132e-01 2.404290e-02
2.225000e+00 8.399268e-01 1.174132e+00 -1.278888e-01 -1.243739e+00 -8.121938e-02 -7.678705e-03 -3.479496e-01 -8.890171e-01 2.750815e-02
2.230000e+00 8.392831e-01 1.167913e+00 -1.295832e-01 -1.243977e+00 -9.581617e-02 -1.346803e-02 -3.523615e-01 -8.757455e-01 2.110756e-02
2.235000e+00 8.386315e-01 1.161693e+00 -1.310886e-01 -1.244159e+00 -8.513075e-02 -1.026961e-02 -3.567018e-01 -8.603695e-01 2.445452e-02
2.240000e+00 8.379728e-01 1.155471e+00 -1.323615e-01 -1.244365e+00 -7.197833e-02 -1.165058e-02 -3.609625e-01 -8.439320e-01 2.614269e-02
2.245000e+00 8.373069e-01 1.149249e+00 -1.340194e-01 -1.244623e+00 -9.375402e-02 -1.458066e-02 -3.651496e-01 -8.308934e-01 2.073694e-02
2.250000e+00 8.366332e-01 1.143025e+00 -1.354630e-01 -1.244858e+00 -8.163532e-02 -1.329482e-02 -3.692643e-01 -8.149899e-01 2.529343e-02
2.255000e+00 8.359531e-01 1.136800e+00 -1.365888e-01 -1.245079e+00 -6.365938e-02 -1.252853e-02 -3.733019e-01 -8.000802e-01 2.371300e-02
2.260000e+00 8.352663e-01 1.130574e+00 -1.381163e-01 -1.245350e+00 -8.637662e-02 -1.532483e-02 -3.772688e-01 -7.866761e-01 2.131821e-02
2.265000e+00 8.345724e-01 1.124347e+00 -1.394466e-01 -1.245609e+00 -7.523002e-02 -1.465981e-02 -3.811596e-01 -7.696328e-01 2.710629e-02
2.270000e+00 8.338727e-01 1.118118e+00 -1.404323e-01 -1.245805e+00 -5.573816e-02 -1.106226e-02 -3.849680e-01 -7.537187e-01 2.531024e-02
2.275000e+00 8.331671e-01 1.111889e+00 -1.417843e-01 -1.246026e+00 -7.645183e-02 -1.249885e-02 -3.887012e-01 -7.396006e-01 2.245383e-02
2.280000e+00 8.324552e-01 1.105658e+00 -1.429935e-01 -1.246241e+00 -6.837844e-02 -1.213668e-02 -3.923532e-01 -7.211679e-01 2.931595e-02
2.285000e+00 8.317380e-01 1.099426e+00 -1.438899e-01 -1.246402e+00 -5.069008e-02 -9.115805e-03 -3.959160e-01 -7.039839e-01 2.733002e-02
2.290000e+00 8.310156e-01 1.093194e+00 -1.450793e-01 -1.246598e+00 -6.726020e-02 -1.108427e-02 -3.994012e-01 -6.900897e-01 2.209766e-02
2.295000e+00 8.302876e-01 1.086960e+00 -1.461164e-01 -1.246813e+00 -5.864699e-02 -1.216687e-02 -4.028028e-01 -6.705322e-01 3.110494e-02
2.300000e+00 8.295550e-01 1.080726e+00 -1.469177e-01 -1.247010e+00 -4.531489e-02 -1.115639e-02 -4.061101e-01 -6.523871e-01 2.885848e-02
2.305000e+00 8.288177e-01 1.074490e+00 -1.480000e-01 -1.247230e+00 -6.119918e-02 -1.241964e-02 -4.093362e-01 -6.380830e-01 2.274976e-02
2.310000e+00 8.280755e-01 1.068253e+00 -1.488722e-01 -1.247478e+00 -4.932153e-02 -1.402097e-02 -4.124775e-01 -6.184403e-01 3.124039e-02
2.315000e+00 8.273295e-01 1.062015e+00 -1.495481e-01 -1.247722e+00 -3.822122e-02 -1.382594e-02 -4.155229e-01 -5.997140e-01 2.978282e-02
2.320000e+00 8.265793e-01 1.055776e+00 -1.505340e-01 -1.247992e+00 -5.575527e-02 -1.523050e-02 -4.184837e-01 -5.846042e-01 2.403104e-02
2.325000e+00 8.258248e-01 1.049536e+00 -1.512418e-01 -1.248292e+00 -4.002380e-02 -1.695527e-02 -4.213587e-01 -5.653990e-01 3.054456e-02
2.330000e+00 8.250673e-01 1.043293e+00 -1.517632e-01 -1.248611e+00 -2.948277e-02 -1.805991e-02 -4.241378e-01 -5.462346e-01 3.047974e-02
2.335000e+00 8.243062e-01 1.037049e+00 -1.526657e-01 -1.248924e+00 -5.103710e-02 -1.768633e-02 -4.268311e-01 -5.310749e-01 2.411041e-02
2.340000e+00 8.235415e-01 1.030804e+00 -1.532383e-01 -1.249295e+00 -3.237827e-02 -2.097558e-02 -4.294385e-01 -5.119106e-01 3.047948e-02
2.345000e+00 8.227744e-01 1.024556e+00 -1.535743e-01 -1.249723e+00 -1.900205e-02 -2.420335e-02 -4.319499e-01 -4.926358e-01 3.065532e-02
2.350000e+00 8.220046e-01 1.018307e+00 -1.543663e-01 -1.250100e+00 -4.478320e-02 -2.131775e-02 -4.343751e-01 -4.774398e-01 2.416816e-02
2.355000e+00 8.212316e-01 1.012055e+00 -1.548215e-01 -1.250548e+00 -2.574460e-02 -2.536148e-02 -4.367127e-01 -4.576068e-01 3.154301e-02
2.360000e+00 8.204572e-01 1.005801e+00 -1.549434e-01 -1.251063e+00 -6.891373e-03 -2.913355e-02 -4.389521e-01 -4.381640e-01 3.092251e-02
2.365000e+00 8.196810e-01 9.995448e-01 -1.555532e-01 -1.251461e+00 -3.448674e-02 -2.248172e-02 -4.411030e-01 -4.221925e-01 2.540151e-02
2.370000e+00 8.189024e-01 9.932865e-01 -1.558959e-01 -1.251865e+00 -1.937484e-02 -2.283013e-02 -4.431617e-01 -4.012929e-01 3.323935e-02
2.375000e+00 8.181231e-01 9.870260e-01 -1.558080e-01 -1.252319e+00 4.967998e-03 -2.569088e-02 -4.451169e-01 -3.807597e-01 3.265673e-02
2.380000e+00 8.173431e-01 9.807635e-01 -1.561913e-01 -1.252689e+00 -2.167271e-02 -2.093377e-02 -4.469774e-01 -3.634553e-01 2.752132e-02
2.385000e+00 8.165615e-01 9.744991e-01 -1.564309e-01 -1.253076e+00 -1.355053e-02 -2.188511e-02 -4.487413e-01 -3.420982e-01 3.396700e-02
2.390000e+00 8.157800e-01 9.682328e-01 -1.561747e-01 -1.253460e+00 1.448872e-02 -2.169013e-02 -4.503993e-01 -3.211174e-01 3.336856e-02
2.395000e+00 8.149988e-01 9.619649e-01 -1.563129e-01 -1.253691e+00 -7.814682e-03 -1.306697e-02 -4.519634e-01 -3.045089e-01 2.641471e-02
2.400000e+00 8.142170e-01 9.556960e-01 -1.563995e-01 -1.253873e+00 -4.898768e-03 -1.030089e-02 -4.534367e-01 -2.848271e-01 3.130258e-02
2.405000e+00 8.134361e-01 9.494262e-01 -1.559766e-01 -1.254034e+00 2.391648e-02 -9.084115e-03 -4.548115e-01 -2.650766e-01 3.141179e-02
2.410000e+00 8.126566e-01 9.431559e-01 -1.558010e-01 -1.254100e+00 9.926312e-03 -3.763646e-03 -4.560978e-01 -2.494335e-01 2.487932e-02
2.415000e+00 8.118778e-01 9.368854e-01 -1.557248e-01 -1.254104e+00 4.313254e-03 -2.394136e-04 -4.573010e-01 -2.318409e-01 2.797980e-02
2.420000e+00 8.111006e-01 9.306148e-01 -1.551644e-01 -1.254128e+00 3.168945e-02 -1.315165e-03 -4.584128e-01 -2.129038e-01 3.011811e-02
2.425000e+00 8.103259e-01 9.243442e-01 -1.546983e-01 -1.254087e+00 2.635743e-02 2.270493e-03 -4.594398e-01 -1.978823e-01 2.389074e-02
2.430000e+00 8.095531e-01 9.180740e-01 -1.544488e-01 -1.253995e+00 1.410555e-02 5.208867e-03 -4.603888e-01 -1.817267e-01 2.569425e-02
2.435000e+00 8.087825e-01 9.118042e-01 -1.537677e-01 -1.253952e+00 3.851541e-02 2.462176e-03 -4.612515e-01 -1.633634e-01 2.920565e-02
2.440000e+00 8.080155e-01 9.055346e-01 -1.530532e-01 -1.253878e+00 4.040245e-02 4.172590e-03 -4.620314e-01 -1.486005e-01 2.347938e-02
2.445000e+00 8.072514e-01 8.992654e-01 -1.525939e-01 -1.253800e+00 2.597767e-02 4.387222e-03 -4.627355e-01 -1.330312e-01 2.476187e-02
2.450000e+00 8.064904e-01 8.929964e-01 -1.517870e-01 -1.253779e+00 4.562466e-02 1.228808e-03 -4.633553e-01 -1.148783e-01 2.887087e-02
2.455000e+00 8.057338e-01 8.867276e-01 -1.508466e-01 -1.253781e+00 5.318281e-02 -1.069508e-04 -4.638907e-01 -9.929313e-02 2.478721e-02
2.460000e+00 8.049813e-01 8.804586e-01 -1.501539e-01 -1.253792e+00 3.917108e-02 -6.654992e-04 -4.643490e-01 -8.399772e-02 2.432630e-02
2.465000e+00 8.042329e-01 8.741896e-01 -1.492217e-01 -1.253804e+00 5.271034e-02 -6.381683e-04 -4.647237e-01 -6.590721e-02 2.877172e-02
2.470000e+00 8.034897e-01 8.679204e-01 -1.480625e-01 -1.253868e+00 6.555115e-02 -3.620993e-03 -4.650108e-01 -4.893806e-02 2.698827e-02
2.475000e+00 8.027516e-01 8.616510e-01 -1.471609e-01 -1.253926e+00 5.098631e-02 -3.320664e-03 -4.652176e-01 -3.376657e-02 2.412921e-02
2.480000e+00 8.020185e-01 8.553814e-01 -1.460695e-01 -1.253899e+00 6.171943e-02 1.531496e-03 -4.653385e-01 -1.459804e-02 3.048622e-02
2.485000e+00 8.012917e-01 8.491118e-01 -1.446595e-01 -1.253926e+00 7.972918e-02 -1.498165e-03 -4.653641e-01 4.372896e-03 3.017197e-02
2.490000e+00 8.005713e-01 8.428420e-01 -1.435070e-01 -1.253993e+00 6.517296e-02 -3.800539e-03 -4.653022e-01 2.035703e-02 2.542166e-02
2.495000e+00 7.998568e-01 8.365722e-01 -1.422928e-01 -1.253954e+00 6.866271e-02 2.198424e-03 -4.651512e-01 4.005614e-02 3.133009e-02
2.500000e+00 7.991494e-01 8.303023e-01 -1.406673e-01 -1.253996e+00 9.192040e-02 -2.344804e-03 -4.648991e-01 6.076694e-02 3.293911e-02
2.505000e+00 7.984497e-01 8.240321e-01 -1.392063e-01 -1.254092e+00 8.261538e-02 -5.449902e-03 -4.645527e-01 7.781407e-02 2.711229e-02
2.510000e+00 7.977571e-01 8.177616e-01 -1.378617e-01 -1.254093e+00 7.603807e-02 -8.171760e-05 -4.641147e-01 9.736635e-02 3.109654e-02
2.515000e+00 7.970723e-01 8.114909e-01 -1.360226e-01 -1.254181e+00 1.039983e-01 -4.925933e-03 -4.635715e-01 1.199430e-01 3.590665e-02
2.520000e+00 7.963966e-01 8.052198e-01 -1.342612e-01 -1.254276e+00 9.960593e-02 -5.372975e-03 -4.629264e-01 1.380726e-01 2.883384e-02
2.525000e+00 7.957291e-01 7.989483e-01 -1.327481e-01 -1.254312e+00 8.556005e-02 -2.058565e-03 -4.621877e-01 1.574258e-01 3.077988e-02
2.530000e+00 7.950703e-01 7.926767e-01 -1.307948e-01 -1.254349e+00 1.104595e-01 -2.089638e-03 -4.613442e-01 1.799528e-01 3.582769e-02
2.535000e+00 7.944214e-01 7.864050e-01 -1.287353e-01 -1.254315e+00 1.164620e-01 1.931873e-03 -4.603981e-01 1.985187e-01 2.952780e-02
2.540000e+00 7.937821e-01 7.801339e-01 -1.270145e-01 -1.254148e+00 9.730951e-02 9.414206e-03 -4.593628e-01 2.155656e-01 2.711196e-02
2.545000e+00 7.931522e-01 7.738637e-01 -1.249220e-01 -1.253905e+00 1.183252e-01 1.376362e-02 -4.582349e-01 2.356041e-01 3.186984e-02
2.550000e+00 7.925336e-01 7.675950e-01 -1.225361e-01 -1.253572e+00 1.349221e-01 1.881626e-02 -4.570127e-01 2.532901e-01 2.812844e-02
2.555000e+00 7.919259e-01 7.613282e-01 -1.205359e-01 -1.253140e+00 1.131054e-01 2.445453e-02 -4.557096e-01 2.679311e-01 2.328545e-02
2.560000e+00 7.913288e-01 7.550637e-01 -1.183083e-01 -1.252681e+00 1.259709e-01 2.596181e-02 -4.543247e-01 2.860362e-01 2.879486e-02
2.565000e+00 7.907438e-01 7.488016e-01 -1.156874e-01 -1.252175e+00 1.482077e-01 2.857005e-02 -4.528522e-01 3.029621e-01 2.691945e-02
2.570000e+00 7.901713e-01 7.425420e-01 -1.132941e-01 -1.251635e+00 1.353372e-01 3.053926e-02 -4.513004e-01 3.177757e-01 2.356009e-02
2.575000e+00 7.896107e-01 7.362852e-01 -1.109429e-01 -1.251085e+00 1.329566e-01 3.111945e-02 -4.496710e-01 3.339687e-01 2.575382e-02
2.580000e+00 7.890628e-01 7.300313e-01 -1.082141e-01 -1.250483e+00 1.543111e-01 3.404948e-02 -4.479591e-01 3.507863e-01 2.674720e-02
2.585000e+00 7.885287e-01 7.237804e-01 -1.054457e-01 -1.249870e+00 1.565483e-01 3.467514e-02 -4.461656e-01 3.666309e-01 2.519973e-02
2.590000e+00 7.880078e-01 7.175326e-01 -1.029279e-01 -1.249255e+00 1.423790e-01 3.473578e-02 -4.442951e-01 3.815488e-01 2.372603e-02
2.595000e+00 7.875002e-01 7.112879e-01 -1.001150e-01 -1.248619e+00 1.590687e-01 3.599569e-02 -4.423448e-01 3.985704e-01 2.707157e-02
2.600000e+00 7.870073e-01 7.050463e-01 -9.701949e-02 -1.248042e+00 1.750446e-01 3.261149e-02 -4.403084e-01 4.160155e-01 2.774523e-02
2.605000e+00 7.865290e-01 6.988076e-01 -9.430766e-02 -1.247434e+00 1.533504e-01 3.440830e-02 -4.381921e-01 4.305012e-01 2.303858e-02
2.610000e+00 7.860648e-01 6.925719e-01 -9.138904e-02 -1.246829e+00 1.650439e-01 3.422351e-02 -4.359959e-01 4.479730e-01 2.778771e-02
2.615000e+00 7.856162e-01 6.863391e-01 -8.804190e-02 -1.246286e+00 1.892763e-01 3.066187e-02 -4.337097e-01 4.665175e-01 2.949369e-02
2.620000e+00 7.851836e-01 6.801093e-01 -8.500092e-02 -1.245647e+00 1.719633e-01 3.612499e-02 -4.313392e-01 4.816750e-01 2.410700e-02
2.625000e+00 7.847661e-01 6.738827e-01 -8.197891e-02 -1.245001e+00 1.708906e-01 3.657184e-02 -4.288890e-01 4.984153e-01 2.662428e-02
2.630000e+00 7.843650e-01 6.676591e-01 -7.848912e-02 -1.244442e+00 1.973432e-01 3.159153e-02 -4.263490e-01 5.175915e-01 3.049847e-02
2.635000e+00 7.839810e-01 6.614385e-01 -7.508601e-02 -1.243792e+00 1.924415e-01 3.674774e-02 -4.237196e-01 5.341390e-01 2.631762e-02
2.640000e+00 7.836136e-01 6.552212e-01 -7.189416e-02 -1.243119e+00 1.804950e-01 3.804941e-02 -4.210091e-01 5.500920e-01 2.537210e-02
2.645000e+00 7.832630e-01 6.490071e-01 -6.832944e-02 -1.242507e+00 2.015801e-01 3.460112e-02 -4.182100e-01 5.695316e-01 3.091741e-02
2.650000e+00 7.829306e-01 6.427963e-01 -6.462539e-02 -1.241843e+00 2.094586e-01 3.760331e-02 -4.153173e-01 5.875557e-01 2.866608e-02
2.655000e+00 7.826162e-01 6.365888e-01 -6.116306e-02 -1.241158e+00 1.957902e-01 3.871884e-02 -4.123392e-01 6.036680e-01 2.562545e-02
2.660000e+00 7.823194e-01 6.303847e-01 -5.755443e-02 -1.240460e+00 2.040637e-01 3.948439e-02 -4.092751e-01 6.219761e-01 2.911782e-02
2.665000e+00 7.820413e-01 6.241843e-01 -5.366123e-02 -1.239712e+00 2.201550e-01 4.225715e-02 -4.061176e-01 6.410210e-01 3.028961e-02
2.670000e+00 7.817828e-01 6.179876e-01 -4.976085e-02 -1.238953e+00 2.205611e-01 4.294302e-02 -4.028689e-01 6.584893e-01 2.778218e-02
2.675000e+00 7.815433e-01 6.117948e-01 -4.603823e-02 -1.238173e+00 2.105092e-01 4.410909e-02 -3.995347e-01 6.751795e-01 2.654452e-02
2.680000e+00 7.813229e-01 6.056062e-01 -4.210107e-02 -1.237279e+00 2.226415e-01 5.052291e-02 -3.961111e-01 6.942510e-01 3.033201e-02
2.685000e+00 7.811230e-01 5.994221e-01 -3.788531e-02 -1.236346e+00 2.383956e-01 5.281087e-02 -3.925945e-01 7.123912e-01 2.885068e-02
2.690000e+00 7.809434e-01 5.932429e-01 -3.393331e-02 -1.235327e+00 2.234802e-01 5.761844e-02 -3.889962e-01 7.269198e-01 2.310681e-02
2.695000e+00 7.807838e-01 5.870692e-01 -2.991468e-02 -1.234169e+00 2.272483e-01 6.544321e-02 -3.853183e-01 7.442759e-01 2.760365e-02
2.700000e+00 7.806453e-01 5.809014e-01 -2.546838e-02 -1.232966e+00 2.514322e-01 6.803106e-02 -3.815524e-01 7.620500e-01 2.826840e-02
2.705000e+00 7.805290e-01 5.747398e-01 -2.107786e-02 -1.231656e+00 2.482782e-01 7.407912e-02 -3.777061e-01 7.765071e-01 2.299309e-02
2.710000e+00 7.804339e-01 5.685850e-01 -1.693790e-02 -1.230249e+00 2.341089e-01 7.958287e-02 -3.737872e-01 7.910566e-01 2.314001e-02
2.715000e+00 7.803605e-01 5.624374e-01 -1.244446e-02 -1.228808e+00 2.540983e-01 8.149847e-02 -3.697887e-01 8.083225e-01 2.746025e-02
2.720000e+00 7.803100e-01 5.562973e-01 -7.759260e-03 -1.227255e+00 2.649418e-01 8.778152e-02 -3.657101e-01 8.231378e-01 2.356266e-02
2.725000e+00 7.802821e-01 5.501651e-01 -3.396811e-03 -1.225603e+00 2.466907e-01 9.344011e-02 -3.615616e-01 8.362646e-01 2.087731e-02
2.730000e+00 7.802763e-01 5.440413e-01 1.108171e-03 -1.223903e+00 2.547507e-01 9.614448e-02 -3.573415e-01 8.517703e-01 2.466074e-02
2.735000e+00 7.802941e-01 5.379263e-01 5.974494e-03 -1.222118e+00 2.751841e-01 1.009290e-01 -3.530436e-01 8.673977e-01 2.485429e-02
2.740000e+00 7.803360e-01 5.318204e-01 1.079234e-02 -1.220252e+00 2.724429e-01 1.055088e-01 -3.486712e-01 8.815416e-01 2.249491e-02
2.745000e+00 7.804014e-01 5.257239e-01 1.538220e-02 -1.218334e+00 2.595503e-01 1.084466e-01 -3.442317e-01 8.942722e-01 2.024705e-02
2.750000e+00 7.804904e-01 5.196373e-01 2.022010e-02 -1.216322e+00 2.735770e-01 1.138285e-01 -3.397220e-01 9.096081e-01 2.439069e-02
2.755000e+00 7.806043e-01 5.135607e-01 2.535020e-02 -1.214297e+00 2.900999e-01 1.145008e-01 -3.351351e-01 9.251538e-01 2.472448e-02
2.760000e+00 7.807433e-01 5.074945e-01 3.024730e-02 -1.212186e+00 2.769247e-01 1.193661e-01 -3.304782e-01 9.376167e-01 1.982130e-02
2.765000e+00 7.809066e-01 5.014392e-01 3.505741e-02 -1.209949e+00 2.720054e-01 1.265063e-01 -3.257582e-01 9.503676e-01 2.027950e-02
2.770000e+00 7.810950e-01 4.953949e-01 4.030341e-02 -1.207748e+00 2.966541e-01 1.244482e-01 -3.209652e-01 9.668548e-01 2.622167e-02
2.775000e+00 7.813098e-01 4.893619e-01 4.561538e-02 -1.205455e+00 3.003852e-01 1.296609e-01 -3.160976e-01 9.801998e-01 2.122429e-02
2.780000e+00 7.815502e-01 4.833408e-01 5.054884e-02 -1.202987e+00 2.789802e-01 1.395485e-01 -3.111701e-01 9.907984e-01 1.685639e-02
2.785000e+00 7.818159e-01 4.773320e-01 5.571467e-02 -1.200535e+00 2.921213e-01 1.387024e-01 -3.061775e-01 1.006242e+00 2.456259e-02
2.790000e+00 7.821082e-01 4.713356e-01 6.123087e-02 -1.198047e+00 3.119333e-01 1.406514e-01 -3.011107e-01 1.020488e+00 2.265740e-02
2.795000e+00 7.824279e-01 4.653519e-01 6.662560e-02 -1.195407e+00 3.050650e-01 1.492853e-01 -2.959809e-01 1.031424e+00 1.739256e-02
2.800000e+00 7.827739e-01 4.593816e-01 7.180150e-02 -1.192736e+00 2.926902e-01 1.510451e-01 -2.907936e-01 1.043514e+00 1.922870e-02
2.805000e+00 7.831466e-01 4.534247e-01 7.725514e-02 -1.190006e+00 3.083963e-01 1.543908e-01 -2.855413e-01 1.057379e+00 2.205029e-02
2.810000e+00 7.835471e-01 4.474818e-01 8.296167e-02 -1.187168e+00 3.226966e-01 1.604662e-01 -2.802256e-01 1.068944e+00 1.839393e-02
2.815000e+00 7.839757e-01 4.415531e-01 8.846649e-02 -1.184292e+00 3.112902e-01 1.626588e-01 -2.748540e-01 1.079669e+00 1.705655e-02
2.820000e+00 7.844315e-01 4.356391e-01 9.386578e-02 -1.181316e+00 3.053224e-01 1.682730e-01 -2.694280e-01 1.090752e+00 1.762658e-02
2.825000e+00 7.849151e-01 4.297402e-01 9.958614e-02 -1.178225e+00 3.234788e-01 1.748180e-01 -2.639452e-01 1.102353e+00 1.845150e-02
2.830000e+00 7.854279e-01 4.238568e-01 1.055168e-01 -1.175133e+00 3.353728e-01 1.748303e-01 -2.584051e-01 1.113727e+00 1.808925e-02
2.835000e+00 7.859694e-01 4.179892e-01 1.110771e-01 -1.171914e+00 3.144282e-01 1.820430e-01 -2.528167e-01 1.121611e+00 1.253963e-02
2.840000e+00 7.865388e-01 4.121381e-01 1.166718e-01 -1.168550e+00 3.163714e-01 1.902281e-01 -2.471843e-01 1.131372e+00 1.552324e-02
2.845000e+00 7.871373e-01 4.063037e-01 1.227384e-01 -1.165209e+00 3.430557e-01 1.889196e-01 -2.414982e-01 1.143077e+00 1.861691e-02
2.850000e+00 7.877661e-01 4.004863e-01 1.287967e-01 -1.161733e+00 3.425915e-01 1.965578e-01 -2.357619e-01 1.151454e+00 1.332235e-02
2.855000e+00 7.884243e-01 3.946870e-01 1.344877e-01 -1.158005e+00 3.218151e-01 2.108376e-01 -2.299891e-01 1.157655e+00 9.862403e-03
2.860000e+00 7.891116e-01 3.889065e-01 1.404146e-01 -1.154201e+00 3.351591e-01 2.151132e-01 -2.241719e-01 1.169221e+00 1.839455e-02
2.865000e+00 7.898294e-01 3.831454e-01 1.466937e-01 -1.150241e+00 3.550783e-01 2.239320e-01 -2.182983e-01 1.180245e+00 1.753266e-02
2.870000e+00 7.905782e-01 3.774048e-01 1.528597e-01 -1.145987e+00 3.486750e-01 2.405331e-01 -2.123763e-01 1.188545e+00 1.320098e-02
2.875000e+00 7.913573e-01 3.716858e-01 1.587545e-01 -1.141599e+00 3.333458e-01 2.481407e-01 -2.064113e-01 1.197477e+00 1.420662e-02
2.880000e+00 7.921663e-01 3.659891e-01 1.648629e-01 -1.137091e+00 3.454205e-01 2.549337e-01 -2.003938e-01 1.209520e+00 1.915302e-02
2.885000e+00 7.930067e-01 3.603154e-01 1.712853e-01 -1.132384e+00 3.631803e-01 2.661563e-01 -1.943199e-01 1.220049e+00 1.674531e-02
2.890000e+00 7.938788e-01 3.546658e-01 1.775466e-01 -1.127478e+00 3.540650e-01 2.774352e-01 -1.882000e-01 1.227930e+00 1.253458e-02
2.895000e+00 7.947816e-01 3.490409e-01 1.835905e-01 -1.122480e+00 3.417754e-01 2.826156e-01 -1.820382e-01 1.236806e+00 1.411703e-02
2.900000e+00 7.957152e-01 3.434414e-01 1.898501e-01 -1.117287e+00 3.539753e-01 2.936673e-01 -1.758285e-01 1.247068e+00 1.632053e-02
2.905000e+00 7.966808e-01 3.378686e-01 1.963640e-01 -1.111865e+00 3.683505e-01 3.066350e-01 -1.695731e-01 1.255120e+00 1.280549e-02
2.910000e+00 7.976786e-01 3.323230e-01 2.027668e-01 -1.106345e+00 3.620697e-01 3.121244e-01 -1.632826e-01 1.261053e+00 9.437384e-03
2.915000e+00 7.987077e-01 3.268057e-01 2.088934e-01 -1.100594e+00 3.464477e-01 3.252001e-01 -1.569648e-01 1.266087e+00 8.006276e-03
2.920000e+00 7.997682e-01 3.213178e-01 2.153034e-01 -1.094549e+00 3.624819e-01 3.418393e-01 -1.506195e-01 1.272041e+00 9.469221e-03
2.925000e+00 8.008616e-01 3.158607e-01 2.220417e-01 -1.088323e+00 3.810385e-01 3.520969e-01 -1.442485e-01 1.276361e+00 6.870265e-03
2.930000e+00 8.019880e-01 3.104352e-01 2.285347e-01 -1.081874e+00 3.671728e-01 3.646521e-01 -1.378642e-01 1.277384e+00 1.626308e-03
2.935000e+00 8.031463e-01 3.050427e-01 2.347630e-01 -1.075107e+00 3.522025e-01 3.826800e-01 -1.314764e-01 1.277759e+00 5.965843e-04
2.940000e+00 8.043365e-01 2.996849e-01 2.413124e-01 -1.068005e+00 3.703595e-01 4.016115e-01 -1.250824e-01 1.279848e+00 3.323548e-03
2.945000e+00 8.055604e-01 2.943633e-01 2.482498e-01 -1.060630e+00 3.922979e-01 4.170553e-01 -1.186793e-01 1.281376e+00 2.428893e-03
2.950000e+00 8.068182e-01 2.890796e-01 2.548963e-01 -1.052856e+00 3.758502e-01 4.396131e-01 -1.122751e-01 1.280332e+00 -1.660362e-03
2.955000e+00 8.081086e-01 2.838361e-01 2.612470e-01 -1.044562e+00 3.591260e-01 4.690120e-01 -1.058740e-01 1.280088e+00 -3.869104e-04
2.960000e+00 8.094317e-01 2.786348e-01 2.679827e-01 -1.035935e+00 3.808941e-01 4.878275e-01 -9.946640e-02 1.282979e+00 4.597858e-03
2.965000e+00 8.107891e-01 2.734777e-01 2.750018e-01 -1.026940e+00 3.969232e-01 5.086601e-01 -9.305025e-02 1.283490e+00 8.123106e-04
2.970000e+00 8.121809e-01 2.683665e-01 2.817064e-01 -1.017527e+00 3.791316e-01 5.323197e-01 -8.664050e-02 1.280420e+00 -4.883245e-03
2.975000e+00 8.136055e-01 2.633035e-01 2.881175e-01 -1.007653e+00 3.625410e-01 5.583592e-01 -8.024624e-02 1.277291e+00 -4.976692e-03
2.980000e+00 8.150630e-01 2.582907e-01 2.949184e-01 -9.974642e-01 3.845843e-01 5.761360e-01 -7.386171e-02 1.276531e+00 -1.207288e-03
2.985000e+00 8.165554e-01 2.533298e-01 3.020157e-01 -9.868999e-01 4.013395e-01 5.973992e-01 -6.748818e-02 1.272889e+00 -5.793188e-03
2.990000e+00 8.180826e-01 2.484230e-01 3.088707e-01 -9.758424e-01 3.876410e-01 6.252890e-01 -6.114247e-02 1.265405e+00 -1.190265e-02
2.995000e+00 8.196432e-01 2.435729e-01 3.153609e-01 -9.641888e-01 3.670150e-01 6.589943e-01 -5.483647e-02 1.257004e+00 -1.336196e-02
3.000000e+00 8.212369e-01 2.387826e-01 3.221170e-01 -9.519363e-01 3.820482e-01 6.928632e-01 -4.856832e-02 1.250266e+00 -1.071617e-02
