[26/08/16 22:30:58]	Init from /home/a1922573/sdfibm/examples/falling_ellipse/solidDict
[26/08/16 22:30:58]	Summary: 2D FSI, g = (0 -10 0). Binary built at Aug 16 2026 22:23:09

******************************** CREATE: SHAPES ********************************
--> Available shape types:
Objects the factory can "produce":
[1] Plane
[2] Box
[3] Circle_TwoTail
[4] Ellipse
[5] Circle_Tail
[6] Ellipsoid
[7] Sphere
[8] Rectangle
[9] Circle
--> Used shapes:
Objects in the library:
[1] ellipse1
maximum bounding radius is -1
******************************** CREATE: FORCES ********************************
--> Available force types:
Objects the factory can "produce":
[1] Spring
[2] Magnetic
[3] Constant
--> Used Forces:
******************************* CREATE: MOTIONS *******************************
--> Available motion types:
[1] Motion000002
[2] Motion01Mask
[3] Motion110002
[4] Motion222000
[5] MotionOpenClose
[6] MotionRotor
[7] MotionSineDirectional
--> Used motions:
[+] Motion01Mask as free1 (general (0|1){6} motion mask)
****************************** CREATE: MATERIALS ******************************
******************************** CREATE: SOLIDS ********************************
Solid 0: motion = free1, material = mat1, shape = ellipse1
Totally [1] solids.
[26/08/16 22:30:58]	t =      0 [FSI took 2.53   ms]
[26/08/16 22:30:58]	Initial As written to 0 directory
********************************* END OF INIT *********************************

[26/08/16 22:30:58]	t =  0.005 [FSI took 2.49   ms]
[26/08/16 22:30:59]	t =   0.01 [FSI took 5.2    ms]
[26/08/16 22:30:59]	t =  0.015 [FSI took 4.31   ms]
[26/08/16 22:30:59]	t =   0.02 [FSI took 2.6    ms]
[26/08/16 22:30:59]	t =  0.025 [FSI took 2.39   ms]
[26/08/16 22:30:59]	t =   0.03 [FSI took 2.43   ms]
[26/08/16 22:30:59]	t =  0.035 [FSI took 2.56   ms]
[26/08/16 22:30:59]	t =   0.04 [FSI took 5.52   ms]
[26/08/16 22:30:59]	t =  0.045 [FSI took 5.69   ms]
[26/08/16 22:30:59]	t =   0.05 [FSI took 2.68   ms]
[26/08/16 22:30:59]	t =  0.055 [FSI took 2.69   ms]
[26/08/16 22:30:59]	t =   0.06 [FSI took 2.49   ms]
[26/08/16 22:30:59]	t =  0.065 [FSI took 3.28   ms]
[26/08/16 22:30:59]	t =   0.07 [FSI took 5      ms]
[26/08/16 22:30:59]	t =  0.075 [FSI took 2.68   ms]
[26/08/16 22:30:59]	t =   0.08 [FSI took 4.84   ms]
[26/08/16 22:30:59]	t =  0.085 [FSI took 2.57   ms]
[26/08/16 22:30:59]	t =   0.09 [FSI took 2.61   ms]
[26/08/16 22:30:59]	t =  0.095 [FSI took 2.7    ms]
[26/08/16 22:31:00]	t =    0.1 [FSI took 2.6    ms]
[26/08/16 22:31:00]	t =  0.105 [FSI took 2.63   ms]
[26/08/16 22:31:00]	t =   0.11 [FSI took 2.53   ms]
[26/08/16 22:31:00]	t =  0.115 [FSI took 2.79   ms]
[26/08/16 22:31:00]	t =   0.12 [FSI took 2.5    ms]
[26/08/16 22:31:00]	t =  0.125 [FSI took 2.56   ms]
[26/08/16 22:31:00]	t =   0.13 [FSI took 2.83   ms]
[26/08/16 22:31:00]	t =  0.135 [FSI took 2.55   ms]
[26/08/16 22:31:00]	t =   0.14 [FSI took 2.7    ms]
[26/08/16 22:31:00]	t =  0.145 [FSI took 2.59   ms]
[26/08/16 22:31:00]	t =   0.15 [FSI took 2.6    ms]
[26/08/16 22:31:00]	t =  0.155 [FSI took 2.63   ms]
[26/08/16 22:31:00]	t =   0.16 [FSI took 2.67   ms]
[26/08/16 22:31:00]	t =  0.165 [FSI took 3.53   ms]
[26/08/16 22:31:00]	t =   0.17 [FSI took 2.71   ms]
[26/08/16 22:31:00]	t =  0.175 [FSI took 2.65   ms]
[26/08/16 22:31:00]	t =   0.18 [FSI took 2.54   ms]
[26/08/16 22:31:00]	t =  0.185 [FSI took 2.66   ms]
[26/08/16 22:31:00]	t =   0.19 [FSI took 5.19   ms]
[26/08/16 22:31:01]	t =  0.195 [FSI took 2.47   ms]
[26/08/16 22:31:01]	t =    0.2 [FSI took 2.55   ms]
[26/08/16 22:31:01]	t =  0.205 [FSI took 3.53   ms]
[26/08/16 22:31:01]	t =   0.21 [FSI took 3.2    ms]
[26/08/16 22:31:01]	t =  0.215 [FSI took 2.7    ms]
[26/08/16 22:31:01]	t =   0.22 [FSI took 2.54   ms]
[26/08/16 22:31:01]	t =  0.225 [FSI took 2.58   ms]
[26/08/16 22:31:01]	t =   0.23 [FSI took 2.51   ms]
[26/08/16 22:31:01]	t =  0.235 [FSI took 2.96   ms]
[26/08/16 22:31:01]	t =   0.24 [FSI took 2.63   ms]
[26/08/16 22:31:01]	t =  0.245 [FSI took 2.75   ms]
[26/08/16 22:31:01]	t =   0.25 [FSI took 2.93   ms]
[26/08/16 22:31:01]	t =  0.255 [FSI took 4.8    ms]
[26/08/16 22:31:01]	t =   0.26 [FSI took 3.75   ms]
[26/08/16 22:31:01]	t =  0.265 [FSI took 4.92   ms]
[26/08/16 22:31:01]	t =   0.27 [FSI took 4.93   ms]
[26/08/16 22:31:02]	t =  0.275 [FSI took 5.68   ms]
[26/08/16 22:31:02]	t =   0.28 [FSI took 6.9    ms]
[26/08/16 22:31:02]	t =  0.285 [FSI took 5.5    ms]
[26/08/16 22:31:02]	t =   0.29 [FSI took 4.12   ms]
[26/08/16 22:31:02]	t =  0.295 [FSI took 8.84   ms]
[26/08/16 22:31:02]	t =    0.3 [FSI took 4.65   ms]
[26/08/16 22:31:02]	t =  0.305 [FSI took 5.91   ms]
[26/08/16 22:31:02]	t =   0.31 [FSI took 6.04   ms]
[26/08/16 22:31:02]	t =  0.315 [FSI took 3.73   ms]
[26/08/16 22:31:02]	t =   0.32 [FSI took 4.96   ms]
[26/08/16 22:31:02]	t =  0.325 [FSI took 4.19   ms]
[26/08/16 22:31:02]	t =   0.33 [FSI took 4.89   ms]
[26/08/16 22:31:03]	t =  0.335 [FSI took 5.32   ms]
[26/08/16 22:31:03]	t =   0.34 [FSI took 4.96   ms]
[26/08/16 22:31:03]	t =  0.345 [FSI took 5.82   ms]
[26/08/16 22:31:03]	t =   0.35 [FSI took 7.55   ms]
[26/08/16 22:31:03]	t =  0.355 [FSI took 4.56   ms]
[26/08/16 22:31:03]	t =   0.36 [FSI took 5.08   ms]
[26/08/16 22:31:03]	t =  0.365 [FSI took 4.96   ms]
[26/08/16 22:31:03]	t =   0.37 [FSI took 5.48   ms]
[26/08/16 22:31:03]	t =  0.375 [FSI took 4.66   ms]
[26/08/16 22:31:03]	t =   0.38 [FSI took 4.94   ms]
[26/08/16 22:31:03]	t =  0.385 [FSI took 4.76   ms]
[26/08/16 22:31:03]	t =   0.39 [FSI took 4.08   ms]
[26/08/16 22:31:03]	t =  0.395 [FSI took 5      ms]
[26/08/16 22:31:04]	t =    0.4 [FSI took 5.13   ms]
[26/08/16 22:31:04]	t =  0.405 [FSI took 4.26   ms]
[26/08/16 22:31:04]	t =   0.41 [FSI took 2.8    ms]
[26/08/16 22:31:04]	t =  0.415 [FSI took 3.18   ms]
[26/08/16 22:31:04]	t =   0.42 [FSI took 3.03   ms]
[26/08/16 22:31:04]	t =  0.425 [FSI took 5.04   ms]
[26/08/16 22:31:04]	t =   0.43 [FSI took 3.07   ms]
[26/08/16 22:31:04]	t =  0.435 [FSI took 2.78   ms]
[26/08/16 22:31:04]	t =   0.44 [FSI took 3.04   ms]
[26/08/16 22:31:04]	t =  0.445 [FSI took 2.83   ms]
[26/08/16 22:31:04]	t =   0.45 [FSI took 3.5    ms]
[26/08/16 22:31:04]	t =  0.455 [FSI took 3.32   ms]
[26/08/16 22:31:04]	t =   0.46 [FSI took 2.77   ms]
[26/08/16 22:31:04]	t =  0.465 [FSI took 4.77   ms]
[26/08/16 22:31:04]	t =   0.47 [FSI took 2.56   ms]
[26/08/16 22:31:05]	t =  0.475 [FSI took 4.62   ms]
[26/08/16 22:31:05]	t =   0.48 [FSI took 4.54   ms]
[26/08/16 22:31:05]	t =  0.485 [FSI took 3.13   ms]
[26/08/16 22:31:05]	t =   0.49 [FSI took 3.41   ms]
[26/08/16 22:31:05]	t =  0.495 [FSI took 4.1    ms]
[26/08/16 22:31:05]	t =    0.5 [FSI took 2.92   ms]
[26/08/16 22:31:05]	t =  0.505 [FSI took 3.55   ms]
[26/08/16 22:31:05]	t =   0.51 [FSI took 3.21   ms]
[26/08/16 22:31:05]	t =  0.515 [FSI took 3.94   ms]
[26/08/16 22:31:05]	t =   0.52 [FSI took 2.53   ms]
[26/08/16 22:31:05]	t =  0.525 [FSI took 2.8    ms]
[26/08/16 22:31:05]	t =   0.53 [FSI took 3.23   ms]
[26/08/16 22:31:05]	t =  0.535 [FSI took 2.79   ms]
[26/08/16 22:31:05]	t =   0.54 [FSI took 4.72   ms]
[26/08/16 22:31:05]	t =  0.545 [FSI took 2.74   ms]
[26/08/16 22:31:05]	t =   0.55 [FSI took 3.68   ms]
[26/08/16 22:31:06]	t =  0.555 [FSI took 2.5    ms]
[26/08/16 22:31:06]	t =   0.56 [FSI took 2.66   ms]
[26/08/16 22:31:06]	t =  0.565 [FSI took 2.78   ms]
[26/08/16 22:31:06]	t =   0.57 [FSI took 3.45   ms]
[26/08/16 22:31:06]	t =  0.575 [FSI took 3.97   ms]
[26/08/16 22:31:06]	t =   0.58 [FSI took 3.46   ms]
[26/08/16 22:31:06]	t =  0.585 [FSI took 2.97   ms]
[26/08/16 22:31:06]	t =   0.59 [FSI took 3.51   ms]
[26/08/16 22:31:06]	t =  0.595 [FSI took 3.49   ms]
[26/08/16 22:31:06]	t =    0.6 [FSI took 3.29   ms]
[26/08/16 22:31:06]	t =  0.605 [FSI took 3.31   ms]
[26/08/16 22:31:06]	t =   0.61 [FSI took 3.04   ms]
[26/08/16 22:31:06]	t =  0.615 [FSI took 2.72   ms]
[26/08/16 22:31:06]	t =   0.62 [FSI took 2.78   ms]
[26/08/16 22:31:06]	t =  0.625 [FSI took 4.22   ms]
[26/08/16 22:31:06]	t =   0.63 [FSI took 6.18   ms]
[26/08/16 22:31:07]	t =  0.635 [FSI took 7.27   ms]
[26/08/16 22:31:07]	t =   0.64 [FSI took 6.2    ms]
[26/08/16 22:31:07]	t =  0.645 [FSI took 3.61   ms]
[26/08/16 22:31:07]	t =   0.65 [FSI took 7.17   ms]
[26/08/16 22:31:07]	t =  0.655 [FSI took 3.71   ms]
[26/08/16 22:31:07]	t =   0.66 [FSI took 2.73   ms]
[26/08/16 22:31:07]	t =  0.665 [FSI took 2.93   ms]
[26/08/16 22:31:07]	t =   0.67 [FSI took 3.65   ms]
[26/08/16 22:31:07]	t =  0.675 [FSI took 4.3    ms]
[26/08/16 22:31:07]	t =   0.68 [FSI took 4.18   ms]
[26/08/16 22:31:07]	t =  0.685 [FSI took 3.03   ms]
[26/08/16 22:31:07]	t =   0.69 [FSI took 3.44   ms]
[26/08/16 22:31:08]	t =  0.695 [FSI took 3.11   ms]
[26/08/16 22:31:08]	t =    0.7 [FSI took 3.51   ms]
[26/08/16 22:31:08]	t =  0.705 [FSI took 5.2    ms]
[26/08/16 22:31:08]	t =   0.71 [FSI took 6.07   ms]
[26/08/16 22:31:08]	t =  0.715 [FSI took 6.27   ms]
[26/08/16 22:31:08]	t =   0.72 [FSI took 4      ms]
[26/08/16 22:31:08]	t =  0.725 [FSI took 4.64   ms]
[26/08/16 22:31:08]	t =   0.73 [FSI took 4.89   ms]
[26/08/16 22:31:08]	t =  0.735 [FSI took 4.83   ms]
[26/08/16 22:31:08]	t =   0.74 [FSI took 5.31   ms]
[26/08/16 22:31:08]	t =  0.745 [FSI took 4.46   ms]
[26/08/16 22:31:08]	t =   0.75 [FSI took 4.77   ms]
[26/08/16 22:31:09]	t =  0.755 [FSI took 4.95   ms]
[26/08/16 22:31:09]	t =   0.76 [FSI took 7.22   ms]
[26/08/16 22:31:09]	t =  0.765 [FSI took 8.19   ms]
[26/08/16 22:31:09]	t =   0.77 [FSI took 6.51   ms]
[26/08/16 22:31:09]	t =  0.775 [FSI took 5.62   ms]
[26/08/16 22:31:09]	t =   0.78 [FSI took 5.24   ms]
[26/08/16 22:31:09]	t =  0.785 [FSI took 5.53   ms]
[26/08/16 22:31:09]	t =   0.79 [FSI took 4.56   ms]
[26/08/16 22:31:09]	t =  0.795 [FSI took 5.01   ms]
[26/08/16 22:31:10]	t =    0.8 [FSI took 5.07   ms]
[26/08/16 22:31:10]	t =  0.805 [FSI took 6.06   ms]
[26/08/16 22:31:10]	t =   0.81 [FSI took 7.12   ms]
[26/08/16 22:31:10]	t =  0.815 [FSI took 6.91   ms]
[26/08/16 22:31:10]	t =   0.82 [FSI took 8.07   ms]
[26/08/16 22:31:10]	t =  0.825 [FSI took 8.32   ms]
[26/08/16 22:31:10]	t =   0.83 [FSI took 4.3    ms]
[26/08/16 22:31:10]	t =  0.835 [FSI took 5.39   ms]
[26/08/16 22:31:10]	t =   0.84 [FSI took 7.81   ms]
[26/08/16 22:31:10]	t =  0.845 [FSI took 4.41   ms]
[26/08/16 22:31:11]	t =   0.85 [FSI took 4.16   ms]
[26/08/16 22:31:11]	t =  0.855 [FSI took 6.11   ms]
[26/08/16 22:31:11]	t =   0.86 [FSI took 5.02   ms]
[26/08/16 22:31:11]	t =  0.865 [FSI took 6.64   ms]
[26/08/16 22:31:11]	t =   0.87 [FSI took 8.29   ms]
[26/08/16 22:31:11]	t =  0.875 [FSI took 6.4    ms]
[26/08/16 22:31:11]	t =   0.88 [FSI took 7.01   ms]
[26/08/16 22:31:11]	t =  0.885 [FSI took 5.06   ms]
[26/08/16 22:31:11]	t =   0.89 [FSI took 6.66   ms]
[26/08/16 22:31:11]	t =  0.895 [FSI took 3.98   ms]
[26/08/16 22:31:12]	t =    0.9 [FSI took 5.82   ms]
[26/08/16 22:31:12]	t =  0.905 [FSI took 4.84   ms]
[26/08/16 22:31:12]	t =   0.91 [FSI took 3.7    ms]
[26/08/16 22:31:12]	t =  0.915 [FSI took 5      ms]
[26/08/16 22:31:12]	t =   0.92 [FSI took 4.07   ms]
[26/08/16 22:31:12]	t =  0.925 [FSI took 4.55   ms]
[26/08/16 22:31:12]	t =   0.93 [FSI took 5.96   ms]
[26/08/16 22:31:12]	t =  0.935 [FSI took 4.21   ms]
[26/08/16 22:31:12]	t =   0.94 [FSI took 4      ms]
[26/08/16 22:31:12]	t =  0.945 [FSI took 5.17   ms]
[26/08/16 22:31:12]	t =   0.95 [FSI took 4.82   ms]
[26/08/16 22:31:12]	t =  0.955 [FSI took 5.76   ms]
[26/08/16 22:31:13]	t =   0.96 [FSI took 4.55   ms]
[26/08/16 22:31:13]	t =  0.965 [FSI took 7.46   ms]
[26/08/16 22:31:13]	t =   0.97 [FSI took 7.35   ms]
[26/08/16 22:31:13]	t =  0.975 [FSI took 6.49   ms]
[26/08/16 22:31:13]	t =   0.98 [FSI took 5.17   ms]
[26/08/16 22:31:13]	t =  0.985 [FSI took 5.89   ms]
[26/08/16 22:31:13]	t =   0.99 [FSI took 4.52   ms]
[26/08/16 22:31:13]	t =  0.995 [FSI took 8.34   ms]
[26/08/16 22:31:13]	t =      1 [FSI took 9.61   ms]
[26/08/16 22:31:14]	t =  1.005 [FSI took 14.1   ms]
[26/08/16 22:31:14]	t =   1.01 [FSI took 12.5   ms]
[26/08/16 22:31:14]	t =  1.015 [FSI took 12.4   ms]
[26/08/16 22:31:14]	t =   1.02 [FSI took 8.9    ms]
[26/08/16 22:31:14]	t =  1.025 [FSI took 17.9   ms]
[26/08/16 22:31:15]	t =   1.03 [FSI took 16.4   ms]
[26/08/16 22:31:15]	t =  1.035 [FSI took 10.1   ms]
[26/08/16 22:31:15]	t =   1.04 [FSI took 13.4   ms]
[26/08/16 22:31:15]	t =  1.045 [FSI took 14.9   ms]
[26/08/16 22:31:15]	t =   1.05 [FSI took 18.3   ms]
[26/08/16 22:31:16]	t =  1.055 [FSI took 19.5   ms]
[26/08/16 22:31:16]	t =   1.06 [FSI took 8.92   ms]
[26/08/16 22:31:16]	t =  1.065 [FSI took 12.4   ms]
[26/08/16 22:31:16]	t =   1.07 [FSI took 6.67   ms]
[26/08/16 22:31:16]	t =  1.075 [FSI took 7.19   ms]
[26/08/16 22:31:16]	t =   1.08 [FSI took 4.44   ms]
[26/08/16 22:31:17]	t =  1.085 [FSI took 6.14   ms]
[26/08/16 22:31:17]	t =   1.09 [FSI took 4.28   ms]
[26/08/16 22:31:17]	t =  1.095 [FSI took 4.9    ms]
[26/08/16 22:31:17]	t =    1.1 [FSI took 4.78   ms]
[26/08/16 22:31:17]	t =  1.105 [FSI took 6.82   ms]
[26/08/16 22:31:17]	t =   1.11 [FSI took 5      ms]
[26/08/16 22:31:17]	t =  1.115 [FSI took 5.02   ms]
[26/08/16 22:31:17]	t =   1.12 [FSI took 4.33   ms]
[26/08/16 22:31:17]	t =  1.125 [FSI took 5.02   ms]
[26/08/16 22:31:17]	t =   1.13 [FSI took 4.06   ms]
[26/08/16 22:31:17]	t =  1.135 [FSI took 5.68   ms]
[26/08/16 22:31:17]	t =   1.14 [FSI took 4.75   ms]
[26/08/16 22:31:18]	t =  1.145 [FSI took 5.23   ms]
[26/08/16 22:31:18]	t =   1.15 [FSI took 4.31   ms]
[26/08/16 22:31:18]	t =  1.155 [FSI took 7.67   ms]
[26/08/16 22:31:18]	t =   1.16 [FSI took 9.05   ms]
[26/08/16 22:31:18]	t =  1.165 [FSI took 8.06   ms]
[26/08/16 22:31:18]	t =   1.17 [FSI took 6.37   ms]
[26/08/16 22:31:18]	t =  1.175 [FSI took 4.63   ms]
[26/08/16 22:31:18]	t =   1.18 [FSI took 5.41   ms]
[26/08/16 22:31:18]	t =  1.185 [FSI took 4.35   ms]
[26/08/16 22:31:18]	t =   1.19 [FSI took 4.21   ms]
[26/08/16 22:31:19]	t =  1.195 [FSI took 4.53   ms]
[26/08/16 22:31:19]	t =    1.2 [FSI took 5.08   ms]
[26/08/16 22:31:19]	t =  1.205 [FSI took 4.47   ms]
[26/08/16 22:31:19]	t =   1.21 [FSI took 3.98   ms]
[26/08/16 22:31:19]	t =  1.215 [FSI took 4.04   ms]
[26/08/16 22:31:19]	t =   1.22 [FSI took 6.91   ms]
[26/08/16 22:31:19]	t =  1.225 [FSI took 6.96   ms]
[26/08/16 22:31:19]	t =   1.23 [FSI took 4.33   ms]
[26/08/16 22:31:19]	t =  1.235 [FSI took 4.18   ms]
[26/08/16 22:31:19]	t =   1.24 [FSI took 4.39   ms]
[26/08/16 22:31:19]	t =  1.245 [FSI took 4.63   ms]
[26/08/16 22:31:19]	t =   1.25 [FSI took 4.3    ms]
[26/08/16 22:31:20]	t =  1.255 [FSI took 4.95   ms]
[26/08/16 22:31:20]	t =   1.26 [FSI took 6.56   ms]
[26/08/16 22:31:20]	t =  1.265 [FSI took 5.17   ms]
[26/08/16 22:31:20]	t =   1.27 [FSI took 4.34   ms]
[26/08/16 22:31:20]	t =  1.275 [FSI took 8.39   ms]
[26/08/16 22:31:20]	t =   1.28 [FSI took 6.58   ms]
[26/08/16 22:31:20]	t =  1.285 [FSI took 4.66   ms]
[26/08/16 22:31:20]	t =   1.29 [FSI took 5.34   ms]
[26/08/16 22:31:20]	t =  1.295 [FSI took 4.5    ms]
[26/08/16 22:31:20]	t =    1.3 [FSI took 3.97   ms]
[26/08/16 22:31:21]	t =  1.305 [FSI took 4.72   ms]
[26/08/16 22:31:21]	t =   1.31 [FSI took 6.71   ms]
[26/08/16 22:31:21]	t =  1.315 [FSI took 5.09   ms]
[26/08/16 22:31:21]	t =   1.32 [FSI took 4.64   ms]
[26/08/16 22:31:21]	t =  1.325 [FSI took 7.44   ms]
[26/08/16 22:31:21]	t =   1.33 [FSI took 5.93   ms]
[26/08/16 22:31:21]	t =  1.335 [FSI took 6.63   ms]
[26/08/16 22:31:21]	t =   1.34 [FSI took 4.97   ms]
[26/08/16 22:31:21]	t =  1.345 [FSI took 6.65   ms]
[26/08/16 22:31:21]	t =   1.35 [FSI took 4.3    ms]
[26/08/16 22:31:21]	t =  1.355 [FSI took 4.03   ms]
[26/08/16 22:31:22]	t =   1.36 [FSI took 4.59   ms]
[26/08/16 22:31:22]	t =  1.365 [FSI took 4.7    ms]
[26/08/16 22:31:22]	t =   1.37 [FSI took 3.79   ms]
[26/08/16 22:31:22]	t =  1.375 [FSI took 3.99   ms]
[26/08/16 22:31:22]	t =   1.38 [FSI took 5.51   ms]
[26/08/16 22:31:22]	t =  1.385 [FSI took 4.64   ms]
[26/08/16 22:31:22]	t =   1.39 [FSI took 4.07   ms]
[26/08/16 22:31:22]	t =  1.395 [FSI took 9.16   ms]
[26/08/16 22:31:22]	t =    1.4 [FSI took 6.12   ms]
[26/08/16 22:31:22]	t =  1.405 [FSI took 4.46   ms]
[26/08/16 22:31:22]	t =   1.41 [FSI took 4.31   ms]
[26/08/16 22:31:23]	t =  1.415 [FSI took 4.49   ms]
[26/08/16 22:31:23]	t =   1.42 [FSI took 5.78   ms]
[26/08/16 22:31:23]	t =  1.425 [FSI took 5.56   ms]
[26/08/16 22:31:23]	t =   1.43 [FSI took 4.52   ms]
[26/08/16 22:31:23]	t =  1.435 [FSI took 8      ms]
[26/08/16 22:31:23]	t =   1.44 [FSI took 6.66   ms]
[26/08/16 22:31:23]	t =  1.445 [FSI took 5.31   ms]
[26/08/16 22:31:23]	t =   1.45 [FSI took 4.33   ms]
[26/08/16 22:31:23]	t =  1.455 [FSI took 6.62   ms]
[26/08/16 22:31:23]	t =   1.46 [FSI took 6.05   ms]
[26/08/16 22:31:24]	t =  1.465 [FSI took 10.3   ms]
[26/08/16 22:31:24]	t =   1.47 [FSI took 7.83   ms]
[26/08/16 22:31:24]	t =  1.475 [FSI took 4.34   ms]
[26/08/16 22:31:24]	t =   1.48 [FSI took 7.14   ms]
[26/08/16 22:31:24]	t =  1.485 [FSI took 4.75   ms]
[26/08/16 22:31:24]	t =   1.49 [FSI took 6.53   ms]
[26/08/16 22:31:24]	t =  1.495 [FSI took 8.44   ms]
[26/08/16 22:31:24]	t =    1.5 [FSI took 7.74   ms]
[26/08/16 22:31:24]	t =  1.505 [FSI took 8.09   ms]
[26/08/16 22:31:25]	t =   1.51 [FSI took 7.71   ms]
[26/08/16 22:31:25]	t =  1.515 [FSI took 10.2   ms]
[26/08/16 22:31:25]	t =   1.52 [FSI took 6.31   ms]
[26/08/16 22:31:25]	t =  1.525 [FSI took 5.93   ms]
[26/08/16 22:31:25]	t =   1.53 [FSI took 4.37   ms]
[26/08/16 22:31:25]	t =  1.535 [FSI took 6.94   ms]
[26/08/16 22:31:25]	t =   1.54 [FSI took 4.38   ms]
[26/08/16 22:31:25]	t =  1.545 [FSI took 4.12   ms]
[26/08/16 22:31:25]	t =   1.55 [FSI took 4.21   ms]
[26/08/16 22:31:26]	t =  1.555 [FSI took 7.37   ms]
[26/08/16 22:31:26]	t =   1.56 [FSI took 7.07   ms]
[26/08/16 22:31:26]	t =  1.565 [FSI took 6.65   ms]
[26/08/16 22:31:26]	t =   1.57 [FSI took 6.83   ms]
[26/08/16 22:31:26]	t =  1.575 [FSI took 4.82   ms]
[26/08/16 22:31:26]	t =   1.58 [FSI took 4.55   ms]
[26/08/16 22:31:26]	t =  1.585 [FSI took 4.57   ms]
[26/08/16 22:31:26]	t =   1.59 [FSI took 4.6    ms]
[26/08/16 22:31:26]	t =  1.595 [FSI took 4.92   ms]
[26/08/16 22:31:26]	t =    1.6 [FSI took 4.79   ms]
[26/08/16 22:31:26]	t =  1.605 [FSI took 7.25   ms]
[26/08/16 22:31:27]	t =   1.61 [FSI took 4.46   ms]
[26/08/16 22:31:27]	t =  1.615 [FSI took 4.19   ms]
[26/08/16 22:31:27]	t =   1.62 [FSI took 4.33   ms]
[26/08/16 22:31:27]	t =  1.625 [FSI took 5.23   ms]
[26/08/16 22:31:27]	t =   1.63 [FSI took 7.53   ms]
[26/08/16 22:31:27]	t =  1.635 [FSI took 9.57   ms]
[26/08/16 22:31:27]	t =   1.64 [FSI took 11.1   ms]
[26/08/16 22:31:27]	t =  1.645 [FSI took 7.29   ms]
[26/08/16 22:31:28]	t =   1.65 [FSI took 6.14   ms]
[26/08/16 22:31:28]	t =  1.655 [FSI took 6.83   ms]
[26/08/16 22:31:28]	t =   1.66 [FSI took 6.53   ms]
[26/08/16 22:31:28]	t =  1.665 [FSI took 4.37   ms]
[26/08/16 22:31:28]	t =   1.67 [FSI took 5.27   ms]
[26/08/16 22:31:28]	t =  1.675 [FSI took 10.7   ms]
[26/08/16 22:31:28]	t =   1.68 [FSI took 8.19   ms]
[26/08/16 22:31:28]	t =  1.685 [FSI took 4.24   ms]
[26/08/16 22:31:28]	t =   1.69 [FSI took 8.36   ms]
[26/08/16 22:31:29]	t =  1.695 [FSI took 7.68   ms]
[26/08/16 22:31:28]	t =    1.7 [FSI took 16.1   ms]
[26/08/16 22:31:28]	t =  1.705 [FSI took 8.94   ms]
[26/08/16 22:31:28]	t =   1.71 [FSI took 6.85   ms]
[26/08/16 22:31:28]	t =  1.715 [FSI took 6.63   ms]
[26/08/16 22:31:28]	t =   1.72 [FSI took 6.16   ms]
[26/08/16 22:31:28]	t =  1.725 [FSI took 10.8   ms]
[26/08/16 22:31:29]	t =   1.73 [FSI took 10.2   ms]
[26/08/16 22:31:29]	t =  1.735 [FSI took 4.84   ms]
[26/08/16 22:31:29]	t =   1.74 [FSI took 7.08   ms]
[26/08/16 22:31:29]	t =  1.745 [FSI took 4.31   ms]
[26/08/16 22:31:29]	t =   1.75 [FSI took 5      ms]
[26/08/16 22:31:29]	t =  1.755 [FSI took 4.14   ms]
[26/08/16 22:31:29]	t =   1.76 [FSI took 6.05   ms]
[26/08/16 22:31:29]	t =  1.765 [FSI took 4.62   ms]
[26/08/16 22:31:29]	t =   1.77 [FSI took 4.22   ms]
[26/08/16 22:31:29]	t =  1.775 [FSI took 3.76   ms]
[26/08/16 22:31:30]	t =   1.78 [FSI took 3.71   ms]
[26/08/16 22:31:30]	t =  1.785 [FSI took 4.5    ms]
[26/08/16 22:31:30]	t =   1.79 [FSI took 4.71   ms]
[26/08/16 22:31:30]	t =  1.795 [FSI took 4.95   ms]
[26/08/16 22:31:30]	t =    1.8 [FSI took 7.52   ms]
[26/08/16 22:31:30]	t =  1.805 [FSI took 5.7    ms]
[26/08/16 22:31:30]	t =   1.81 [FSI took 5.76   ms]
[26/08/16 22:31:30]	t =  1.815 [FSI took 4.1    ms]
[26/08/16 22:31:30]	t =   1.82 [FSI took 4.91   ms]
[26/08/16 22:31:30]	t =  1.825 [FSI took 6.17   ms]
[26/08/16 22:31:31]	t =   1.83 [FSI took 7.91   ms]
[26/08/16 22:31:31]	t =  1.835 [FSI took 7.67   ms]
[26/08/16 22:31:31]	t =   1.84 [FSI took 12.3   ms]
[26/08/16 22:31:31]	t =  1.845 [FSI took 11     ms]
[26/08/16 22:31:31]	t =   1.85 [FSI took 5.61   ms]
[26/08/16 22:31:31]	t =  1.855 [FSI took 4.68   ms]
[26/08/16 22:31:31]	t =   1.86 [FSI took 5.32   ms]
[26/08/16 22:31:31]	t =  1.865 [FSI took 5.82   ms]
[26/08/16 22:31:31]	t =   1.87 [FSI took 6.17   ms]
[26/08/16 22:31:32]	t =  1.875 [FSI took 5.21   ms]
[26/08/16 22:31:32]	t =   1.88 [FSI took 4.89   ms]
[26/08/16 22:31:32]	t =  1.885 [FSI took 3.69   ms]
[26/08/16 22:31:32]	t =   1.89 [FSI took 6.2    ms]
[26/08/16 22:31:32]	t =  1.895 [FSI took 7.04   ms]
[26/08/16 22:31:32]	t =    1.9 [FSI took 4.46   ms]
[26/08/16 22:31:32]	t =  1.905 [FSI took 10.2   ms]
[26/08/16 22:31:32]	t =   1.91 [FSI took 5.02   ms]
[26/08/16 22:31:32]	t =  1.915 [FSI took 4.23   ms]
[26/08/16 22:31:32]	t =   1.92 [FSI took 4.17   ms]
[26/08/16 22:31:33]	t =  1.925 [FSI took 4.02   ms]
[26/08/16 22:31:33]	t =   1.93 [FSI took 4.65   ms]
[26/08/16 22:31:33]	t =  1.935 [FSI took 3.99   ms]
[26/08/16 22:31:33]	t =   1.94 [FSI took 6.73   ms]
[26/08/16 22:31:33]	t =  1.945 [FSI took 4.7    ms]
[26/08/16 22:31:33]	t =   1.95 [FSI took 5.47   ms]
[26/08/16 22:31:33]	t =  1.955 [FSI took 4.36   ms]
[26/08/16 22:31:33]	t =   1.96 [FSI took 4.65   ms]
[26/08/16 22:31:33]	t =  1.965 [FSI took 4.01   ms]
[26/08/16 22:31:33]	t =   1.97 [FSI took 6.06   ms]
[26/08/16 22:31:33]	t =  1.975 [FSI took 3.91   ms]
[26/08/16 22:31:34]	t =   1.98 [FSI took 4.87   ms]
[26/08/16 22:31:34]	t =  1.985 [FSI took 4.37   ms]
[26/08/16 22:31:34]	t =   1.99 [FSI took 5.7    ms]
[26/08/16 22:31:34]	t =  1.995 [FSI took 4.43   ms]
[26/08/16 22:31:34]	t =      2 [FSI took 3.74   ms]
[26/08/16 22:31:34]	t =  2.005 [FSI took 4.32   ms]
[26/08/16 22:31:34]	t =   2.01 [FSI took 4.07   ms]
[26/08/16 22:31:34]	t =  2.015 [FSI took 5.54   ms]
[26/08/16 22:31:34]	t =   2.02 [FSI took 6.7    ms]
[26/08/16 22:31:34]	t =  2.025 [FSI took 7.37   ms]
[26/08/16 22:31:34]	t =   2.03 [FSI took 7.88   ms]
[26/08/16 22:31:35]	t =  2.035 [FSI took 7.58   ms]
[26/08/16 22:31:35]	t =   2.04 [FSI took 4.68   ms]
[26/08/16 22:31:35]	t =  2.045 [FSI took 7.45   ms]
[26/08/16 22:31:35]	t =   2.05 [FSI took 6.83   ms]
[26/08/16 22:31:35]	t =  2.055 [FSI took 4.65   ms]
[26/08/16 22:31:35]	t =   2.06 [FSI took 4.05   ms]
[26/08/16 22:31:35]	t =  2.065 [FSI took 4.65   ms]
[26/08/16 22:31:35]	t =   2.07 [FSI took 3.98   ms]
[26/08/16 22:31:35]	t =  2.075 [FSI took 6.64   ms]
[26/08/16 22:31:36]	t =   2.08 [FSI took 6.58   ms]
[26/08/16 22:31:36]	t =  2.085 [FSI took 9.34   ms]
[26/08/16 22:31:36]	t =   2.09 [FSI took 4.68   ms]
[26/08/16 22:31:36]	t =  2.095 [FSI took 4.1    ms]
[26/08/16 22:31:36]	t =    2.1 [FSI took 7.39   ms]
[26/08/16 22:31:36]	t =  2.105 [FSI took 4.9    ms]
[26/08/16 22:31:36]	t =   2.11 [FSI took 6.53   ms]
[26/08/16 22:31:36]	t =  2.115 [FSI took 4.45   ms]
[26/08/16 22:31:36]	t =   2.12 [FSI took 5.75   ms]
[26/08/16 22:31:37]	t =  2.125 [FSI took 8.63   ms]
[26/08/16 22:31:37]	t =   2.13 [FSI took 6.22   ms]
[26/08/16 22:31:37]	t =  2.135 [FSI took 6.54   ms]
[26/08/16 22:31:37]	t =   2.14 [FSI took 4.42   ms]
[26/08/16 22:31:37]	t =  2.145 [FSI took 7.21   ms]
[26/08/16 22:31:37]	t =   2.15 [FSI took 6.74   ms]
[26/08/16 22:31:37]	t =  2.155 [FSI took 4.05   ms]
[26/08/16 22:31:37]	t =   2.16 [FSI took 4.61   ms]
[26/08/16 22:31:37]	t =  2.165 [FSI took 4.62   ms]
[26/08/16 22:31:37]	t =   2.17 [FSI took 5.53   ms]
[26/08/16 22:31:38]	t =  2.175 [FSI took 4.96   ms]
[26/08/16 22:31:38]	t =   2.18 [FSI took 6.33   ms]
[26/08/16 22:31:38]	t =  2.185 [FSI took 7.66   ms]
[26/08/16 22:31:38]	t =   2.19 [FSI took 6.85   ms]
[26/08/16 22:31:38]	t =  2.195 [FSI took 11.7   ms]
[26/08/16 22:31:38]	t =    2.2 [FSI took 8.32   ms]
[26/08/16 22:31:38]	t =  2.205 [FSI took 7.02   ms]
[26/08/16 22:31:38]	t =   2.21 [FSI took 7.93   ms]
[26/08/16 22:31:38]	t =  2.215 [FSI took 4.71   ms]
[26/08/16 22:31:39]	t =   2.22 [FSI took 7.61   ms]
[26/08/16 22:31:39]	t =  2.225 [FSI took 12.4   ms]
[26/08/16 22:31:39]	t =   2.23 [FSI took 8.4    ms]
[26/08/16 22:31:39]	t =  2.235 [FSI took 8.49   ms]
[26/08/16 22:31:39]	t =   2.24 [FSI took 7.84   ms]
[26/08/16 22:31:39]	t =  2.245 [FSI took 7.49   ms]
[26/08/16 22:31:39]	t =   2.25 [FSI took 8.96   ms]
[26/08/16 22:31:39]	t =  2.255 [FSI took 7.23   ms]
[26/08/16 22:31:40]	t =   2.26 [FSI took 6.64   ms]
[26/08/16 22:31:40]	t =  2.265 [FSI took 6.81   ms]
[26/08/16 22:31:40]	t =   2.27 [FSI took 7.56   ms]
[26/08/16 22:31:40]	t =  2.275 [FSI took 6.7    ms]
[26/08/16 22:31:40]	t =   2.28 [FSI took 6.68   ms]
[26/08/16 22:31:40]	t =  2.285 [FSI took 7.32   ms]
[26/08/16 22:31:40]	t =   2.29 [FSI took 6.53   ms]
[26/08/16 22:31:40]	t =  2.295 [FSI took 7.03   ms]
[26/08/16 22:31:40]	t =    2.3 [FSI took 8.15   ms]
[26/08/16 22:31:41]	t =  2.305 [FSI took 7.62   ms]
[26/08/16 22:31:41]	t =   2.31 [FSI took 7.35   ms]
[26/08/16 22:31:41]	t =  2.315 [FSI took 8.9    ms]
[26/08/16 22:31:41]	t =   2.32 [FSI took 7.73   ms]
[26/08/16 22:31:41]	t =  2.325 [FSI took 7.88   ms]
[26/08/16 22:31:41]	t =   2.33 [FSI took 7.22   ms]
[26/08/16 22:31:41]	t =  2.335 [FSI took 7.3    ms]
[26/08/16 22:31:41]	t =   2.34 [FSI took 7.29   ms]
[26/08/16 22:31:42]	t =  2.345 [FSI took 6.23   ms]
[26/08/16 22:31:42]	t =   2.35 [FSI took 8.89   ms]
[26/08/16 22:31:42]	t =  2.355 [FSI took 5.95   ms]
[26/08/16 22:31:42]	t =   2.36 [FSI took 6.95   ms]
[26/08/16 22:31:42]	t =  2.365 [FSI took 6.91   ms]
[26/08/16 22:31:42]	t =   2.37 [FSI took 6.03   ms]
[26/08/16 22:31:42]	t =  2.375 [FSI took 5.9    ms]
[26/08/16 22:31:42]	t =   2.38 [FSI took 6.72   ms]
[26/08/16 22:31:42]	t =  2.385 [FSI took 11     ms]
[26/08/16 22:31:43]	t =   2.39 [FSI took 4.59   ms]
[26/08/16 22:31:43]	t =  2.395 [FSI took 6.43   ms]
[26/08/16 22:31:43]	t =    2.4 [FSI took 10.1   ms]
[26/08/16 22:31:43]	t =  2.405 [FSI took 15.9   ms]
[26/08/16 22:31:43]	t =   2.41 [FSI took 9.98   ms]
[26/08/16 22:31:43]	t =  2.415 [FSI took 7.58   ms]
[26/08/16 22:31:43]	t =   2.42 [FSI took 7.4    ms]
[26/08/16 22:31:44]	t =  2.425 [FSI took 12.1   ms]
[26/08/16 22:31:44]	t =   2.43 [FSI took 7      ms]
[26/08/16 22:31:44]	t =  2.435 [FSI took 7.42   ms]
[26/08/16 22:31:44]	t =   2.44 [FSI took 8.7    ms]
[26/08/16 22:31:44]	t =  2.445 [FSI took 13.6   ms]
[26/08/16 22:31:44]	t =   2.45 [FSI took 13.4   ms]
[26/08/16 22:31:44]	t =  2.455 [FSI took 7.56   ms]
[26/08/16 22:31:44]	t =   2.46 [FSI took 7.67   ms]
[26/08/16 22:31:45]	t =  2.465 [FSI took 7.99   ms]
[26/08/16 22:31:45]	t =   2.47 [FSI took 9.74   ms]
[26/08/16 22:31:45]	t =  2.475 [FSI took 7.16   ms]
[26/08/16 22:31:45]	t =   2.48 [FSI took 7.39   ms]
[26/08/16 22:31:45]	t =  2.485 [FSI took 7.24   ms]
[26/08/16 22:31:45]	t =   2.49 [FSI took 17.8   ms]
[26/08/16 22:31:45]	t =  2.495 [FSI took 12.5   ms]
[26/08/16 22:31:46]	t =    2.5 [FSI took 7.82   ms]
[26/08/16 22:31:46]	t =  2.505 [FSI took 5.15   ms]
[26/08/16 22:31:46]	t =   2.51 [FSI took 5.32   ms]
[26/08/16 22:31:46]	t =  2.515 [FSI took 6.94   ms]
[26/08/16 22:31:46]	t =   2.52 [FSI took 7.11   ms]
[26/08/16 22:31:46]	t =  2.525 [FSI took 7.37   ms]
[26/08/16 22:31:46]	t =   2.53 [FSI took 9.5    ms]
[26/08/16 22:31:46]	t =  2.535 [FSI took 7.96   ms]
[26/08/16 22:31:47]	t =   2.54 [FSI took 10.9   ms]
[26/08/16 22:31:47]	t =  2.545 [FSI took 10.7   ms]
[26/08/16 22:31:47]	t =   2.55 [FSI took 8.01   ms]
[26/08/16 22:31:47]	t =  2.555 [FSI took 6.97   ms]
[26/08/16 22:31:47]	t =   2.56 [FSI took 12.4   ms]
[26/08/16 22:31:47]	t =  2.565 [FSI took 7.8    ms]
[26/08/16 22:31:47]	t =   2.57 [FSI took 11.8   ms]
[26/08/16 22:31:48]	t =  2.575 [FSI took 8.27   ms]
[26/08/16 22:31:48]	t =   2.58 [FSI took 7.94   ms]
[26/08/16 22:31:48]	t =  2.585 [FSI took 4.48   ms]
[26/08/16 22:31:48]	t =   2.59 [FSI took 7.34   ms]
[26/08/16 22:31:48]	t =  2.595 [FSI took 7.5    ms]
[26/08/16 22:31:48]	t =    2.6 [FSI took 10.1   ms]
[26/08/16 22:31:48]	t =  2.605 [FSI took 7.45   ms]
[26/08/16 22:31:48]	t =   2.61 [FSI took 4.93   ms]
[26/08/16 22:31:49]	t =  2.615 [FSI took 7.36   ms]
[26/08/16 22:31:49]	t =   2.62 [FSI took 6.37   ms]
[26/08/16 22:31:49]	t =  2.625 [FSI took 9.1    ms]
[26/08/16 22:31:49]	t =   2.63 [FSI took 10.3   ms]
[26/08/16 22:31:49]	t =  2.635 [FSI took 8.4    ms]
[26/08/16 22:31:49]	t =   2.64 [FSI took 9.37   ms]
[26/08/16 22:31:49]	t =  2.645 [FSI took 8.22   ms]
[26/08/16 22:31:50]	t =   2.65 [FSI took 17.9   ms]
[26/08/16 22:31:50]	t =  2.655 [FSI took 10.8   ms]
[26/08/16 22:31:50]	t =   2.66 [FSI took 7.35   ms]
[26/08/16 22:31:50]	t =  2.665 [FSI took 9.76   ms]
[26/08/16 22:31:50]	t =   2.67 [FSI took 7.69   ms]
[26/08/16 22:31:50]	t =  2.675 [FSI took 11.7   ms]
[26/08/16 22:31:50]	t =   2.68 [FSI took 7.51   ms]
[26/08/16 22:31:50]	t =  2.685 [FSI took 9.68   ms]
[26/08/16 22:31:51]	t =   2.69 [FSI took 7.14   ms]
[26/08/16 22:31:51]	t =  2.695 [FSI took 9.89   ms]
[26/08/16 22:31:51]	t =    2.7 [FSI took 7.47   ms]
[26/08/16 22:31:51]	t =  2.705 [FSI took 7.17   ms]
[26/08/16 22:31:51]	t =   2.71 [FSI took 5.84   ms]
[26/08/16 22:31:51]	t =  2.715 [FSI took 7.76   ms]
[26/08/16 22:31:51]	t =   2.72 [FSI took 7.1    ms]
[26/08/16 22:31:51]	t =  2.725 [FSI took 10.1   ms]
[26/08/16 22:31:52]	t =   2.73 [FSI took 7      ms]
[26/08/16 22:31:52]	t =  2.735 [FSI took 8.42   ms]
[26/08/16 22:31:52]	t =   2.74 [FSI took 7.87   ms]
[26/08/16 22:31:52]	t =  2.745 [FSI took 7.79   ms]
[26/08/16 22:31:52]	t =   2.75 [FSI took 7.39   ms]
[26/08/16 22:31:52]	t =  2.755 [FSI took 4.22   ms]
[26/08/16 22:31:52]	t =   2.76 [FSI took 8.72   ms]
[26/08/16 22:31:52]	t =  2.765 [FSI took 7.5    ms]
[26/08/16 22:31:53]	t =   2.77 [FSI took 8.25   ms]
[26/08/16 22:31:53]	t =  2.775 [FSI took 7.68   ms]
[26/08/16 22:31:53]	t =   2.78 [FSI took 6.79   ms]
[26/08/16 22:31:53]	t =  2.785 [FSI took 5.08   ms]
[26/08/16 22:31:53]	t =   2.79 [FSI took 6.54   ms]
[26/08/16 22:31:53]	t =  2.795 [FSI took 7.2    ms]
[26/08/16 22:31:53]	t =    2.8 [FSI took 7.34   ms]
[26/08/16 22:31:53]	t =  2.805 [FSI took 7.23   ms]
[26/08/16 22:31:54]	t =   2.81 [FSI took 7.13   ms]
[26/08/16 22:31:54]	t =  2.815 [FSI took 7.79   ms]
[26/08/16 22:31:54]	t =   2.82 [FSI took 7.55   ms]
[26/08/16 22:31:54]	t =  2.825 [FSI took 16.3   ms]
[26/08/16 22:31:54]	t =   2.83 [FSI took 7.55   ms]
[26/08/16 22:31:54]	t =  2.835 [FSI took 6.7    ms]
[26/08/16 22:31:54]	t =   2.84 [FSI took 10.8   ms]
[26/08/16 22:31:55]	t =  2.845 [FSI took 7.19   ms]
[26/08/16 22:31:55]	t =   2.85 [FSI took 7.41   ms]
[26/08/16 22:31:55]	t =  2.855 [FSI took 4.34   ms]
[26/08/16 22:31:55]	t =   2.86 [FSI took 7.4    ms]
[26/08/16 22:31:55]	t =  2.865 [FSI took 7.63   ms]
[26/08/16 22:31:55]	t =   2.87 [FSI took 8.39   ms]
[26/08/16 22:31:55]	t =  2.875 [FSI took 9.03   ms]
[26/08/16 22:31:55]	t =   2.88 [FSI took 8.65   ms]
[26/08/16 22:31:56]	t =  2.885 [FSI took 8.54   ms]
[26/08/16 22:31:56]	t =   2.89 [FSI took 5.47   ms]
[26/08/16 22:31:56]	t =  2.895 [FSI took 11.2   ms]
[26/08/16 22:31:56]	t =    2.9 [FSI took 7.98   ms]
[26/08/16 22:31:56]	t =  2.905 [FSI took 6.77   ms]
[26/08/16 22:31:56]	t =   2.91 [FSI took 14.1   ms]
[26/08/16 22:31:56]	t =  2.915 [FSI took 14.8   ms]
[26/08/16 22:31:57]	t =   2.92 [FSI took 11.5   ms]
[26/08/16 22:31:57]	t =  2.925 [FSI took 13.3   ms]
[26/08/16 22:31:57]	t =   2.93 [FSI took 10.4   ms]
[26/08/16 22:31:57]	t =  2.935 [FSI took 7.3    ms]
[26/08/16 22:31:57]	t =   2.94 [FSI took 5.55   ms]
[26/08/16 22:31:57]	t =  2.945 [FSI took 6.73   ms]
[26/08/16 22:31:57]	t =   2.95 [FSI took 7.14   ms]
[26/08/16 22:31:57]	t =  2.955 [FSI took 7.53   ms]
[26/08/16 22:31:58]	t =   2.96 [FSI took 8.13   ms]
[26/08/16 22:31:58]	t =  2.965 [FSI took 6.94   ms]
[26/08/16 22:31:58]	t =   2.97 [FSI took 9.96   ms]
[26/08/16 22:31:58]	t =  2.975 [FSI took 12.6   ms]
[26/08/16 22:31:58]	t =   2.98 [FSI took 7.2    ms]
[26/08/16 22:31:58]	t =  2.985 [FSI took 5.21   ms]
[26/08/16 22:31:58]	t =   2.99 [FSI took 18.2   ms]
[26/08/16 22:31:59]	t =  2.995 [FSI took 11.9   ms]
[26/08/16 22:31:59]	t =      3 [FSI took 10.7   ms]
[26/08/16 22:31:59]	Simulation finished! Congratulations!
